******************************************************************************
                  TI ARM Linker PC v20.2.7                     
******************************************************************************
>> Linked Mon Jul  3 14:57:21 2023

OUTPUT FILE NAME:   <Final_Project_Draft_Taylor_Jackie.out>
ENTRY POINT SYMBOL: "_c_int00_noargs"  address: 00003781


MEMORY CONFIGURATION

         name            origin    length      used     unused   attr    fill
----------------------  --------  ---------  --------  --------  ----  --------
  MAIN                  00000000   00200000  00003f82  001fc07e  R  X
  INFO                  00200000   00008000  00000000  00008000  R  X
  SRAM_CODE             01000000   00040000  00000a0c  0003f5f4  RW X
  SRAM_DATA             20000000   00040000  00000a0c  0003f5f4  RW  


SEGMENT ALLOCATION MAP

run origin  load origin   length   init length attrs members
----------  ----------- ---------- ----------- ----- -------
00000000    00000000    00003f88   00003f88    r-x
  00000000    00000000    000000e8   000000e8    r-- .intvecs
  000000e8    000000e8    00003bd2   00003bd2    r-x .text
  00003cbc    00003cbc    00000200   00000200    r-- .const
  00003ec0    00003ec0    000000c8   000000c8    r-- .cinit
20000000    20000000    0000080c   00000000    rw-
  20000000    20000000    00000400   00000000    rw- .sysmem
  20000400    20000400    00000244   00000000    rw- .data
  20000644    20000644    000001c8   00000000    rw- .bss
2003fe00    2003fe00    00000200   00000000    rw-
  2003fe00    2003fe00    00000200   00000000    rw- .stack


SECTION ALLOCATION MAP

 output                                  attributes/
section   page    origin      length       input sections
--------  ----  ----------  ----------   ----------------
.intvecs   0    00000000    000000e8     
                  00000000    000000e8     startup_msp432p4111_ccs.obj (.intvecs:retain)

.text      0    000000e8    00003bd2     
                  000000e8    00000a4e     rtsv7M4_T_le_v4SPD16_eabi.lib : _printfi.c.obj (.text:__TI_printfi)
                  00000b36    00000002                                   : _lock.c.obj (.text:_nop)
                  00000b38    00000398     main.obj (.text)
                  00000ed0    00000350     system_msp432p4111.obj (.text)
                  00001220    00000270     rtsv7M4_T_le_v4SPD16_eabi.lib : _printfi.c.obj (.text:_pconv_a)
                  00001490    000001d0                                   : _printfi.c.obj (.text:_pconv_g)
                  00001660    000001b6                                   : fd_add_t2.asm.obj (.text)
                  00001816    00000002                                   : div0.asm.obj (.text)
                  00001818    00000154     msp432p4xx_driverlib.lib : adc14.o (.text:_getIndexForMemRegister)
                  0000196c    0000014c                              : cs.o (.text:CS_setDCOFrequency)
                  00001ab8    0000013c     rtsv7M4_T_le_v4SPD16_eabi.lib : _printfi.c.obj (.text:_pconv_e)
                  00001bf4    00000136                                   : fd_div_t2.asm.obj (.text)
                  00001d2a    00000002     --HOLE-- [fill = 0]
                  00001d2c    00000124                                   : _printfi.c.obj (.text:fcvt)
                  00001e50    00000114                                   : fputs.c.obj (.text:fputs)
                  00001f64    00000110                                   : s_scalbn.c.obj (.text:scalbn)
                  00002074    00000100                                   : memory.c.obj (.text:aligned_alloc)
                  00002174    000000fc                                   : fd_mul_t2.asm.obj (.text)
                  00002270    000000e4                                   : memory.c.obj (.text:free)
                  00002354    000000e0     msp432p4xx_driverlib.lib : cs.o (.text:CS_initClockSignal)
                  00002434    000000dc     rtsv7M4_T_le_v4SPD16_eabi.lib : setvbuf.c.obj (.text:setvbuf)
                  00002510    000000b2     msp432p4xx_driverlib.lib : timer_a.o (.text:privateTimer_AProcessClockSourceDivider)
                  000025c2    00000002     --HOLE-- [fill = 0]
                  000025c4    000000b1     rtsv7M4_T_le_v4SPD16_eabi.lib : _printfi.c.obj (.text:_ltostr)
                  00002675    00000001     --HOLE-- [fill = 0]
                  00002676    0000009c                                   : memcpy_t2.asm.obj (.text)
                  00002712    00000096                                   : ull_div_t2.asm.obj (.text)
                  000027a8    00000094     msp432p4xx_driverlib.lib : uart.o (.text:UART_initModule)
                  0000283c    0000008c     rtsv7M4_T_le_v4SPD16_eabi.lib : fputc.c.obj (.text:fputc)
                  000028c8    00000086                                   : fd_cmp_t2.asm.obj (.text:__aeabi_cdcmple)
                  0000294e    00000086                                   : fd_cmp_t2.asm.obj (.text:__aeabi_cdrcmple)
                  000029d4    0000007a                                   : memset_t2.asm.obj (.text)
                  00002a4e    00000002     --HOLE-- [fill = 0]
                  00002a50    00000074                                   : fclose.c.obj (.text:__TI_closefile)
                  00002ac4    00000070                                   : memory.c.obj (.text:split)
                  00002b34    0000006e                                   : _printfi.c.obj (.text:_mcpy)
                  00002ba2    00000002     --HOLE-- [fill = 0]
                  00002ba4    0000006c     msp432p4xx_driverlib.lib : adc14.o (.text:ADC14_configureConversionMemory)
                  00002c10    0000006c     rtsv7M4_T_le_v4SPD16_eabi.lib : hostrename.c.obj (.text:HOSTrename)
                  00002c7c    00000068                                   : hostlseek.c.obj (.text:HOSTlseek)
                  00002ce4    00000068                                   : copy_decompress_lzss.c.obj (.text:decompress:lzss:__TI_decompress_lzss)
                  00002d4c    00000068                                   : printf.c.obj (.text:printf)
                  00002db4    00000064     msp432p4xx_driverlib.lib : interrupt.o (.text:Interrupt_enableInterrupt)
                  00002e18    00000064     rtsv7M4_T_le_v4SPD16_eabi.lib : s_frexp.c.obj (.text:frexp)
                  00002e7c    00000064                                   : fseek.c.obj (.text:fseek)
                  00002ee0    00000062                                   : _io_perm.c.obj (.text:__TI_wrt_ok)
                  00002f42    00000002     --HOLE-- [fill = 0]
                  00002f44    00000060                                   : hostopen.c.obj (.text:HOSTopen)
                  00002fa4    0000005c                                   : close.c.obj (.text:close)
                  00003000    00000058                                   : hostread.c.obj (.text:HOSTread)
                  00003058    00000058                                   : hostwrite.c.obj (.text:HOSTwrite)
                  000030b0    00000056                                   : _printfi.c.obj (.text:_pconv_f)
                  00003106    00000002     --HOLE-- [fill = 0]
                  00003108    00000054     msp432p4xx_driverlib.lib : cs.o (.text:CS_tuneDCOFrequency)
                  0000315c    00000054     rtsv7M4_T_le_v4SPD16_eabi.lib : _ltoa.c.obj (.text:__TI_ltoa)
                  000031b0    00000052                                   : _printfi.c.obj (.text:_ecpy)
                  00003202    00000002     --HOLE-- [fill = 0]
                  00003204    00000050     msp432p4xx_driverlib.lib : sysctl.o (.text:SysCtl_getTLVInfo)
                  00003254    0000004c                              : gpio.o (.text:GPIO_setAsPeripheralModuleFunctionOutputPin)
                  000032a0    0000004c     rtsv7M4_T_le_v4SPD16_eabi.lib : fflush.c.obj (.text:__TI_doflush)
                  000032ec    0000004c                                   : atoi.c.obj (.text:atoi)
                  00003338    00000048     msp432p4xx_driverlib.lib : gpio.o (.text:GPIO_setAsPeripheralModuleFunctionInputPin)
                  00003380    00000048                              : timer_a.o (.text:Timer_A_generatePWM)
                  000033c8    00000048     rtsv7M4_T_le_v4SPD16_eabi.lib : exit.c.obj (.text:exit)
                  00003410    00000048                                   : fd_toi_t2.asm.obj (.text)
                  00003458    00000044     msp432p4xx_driverlib.lib : adc14.o (.text:ADC14_configureSingleSampleMode)
                  0000349c    00000044     rtsv7M4_T_le_v4SPD16_eabi.lib : hostclose.c.obj (.text:HOSTclose)
                  000034e0    00000044                                   : hostunlink.c.obj (.text:HOSTunlink)
                  00003524    00000044     msp432p4xx_driverlib.lib : timer_a.o (.text:Timer_A_configureUpMode)
                  00003568    00000044     rtsv7M4_T_le_v4SPD16_eabi.lib : autoinit.c.obj (.text:__TI_auto_init_nobinit_nopinit:__TI_auto_init_nobinit_nopinit)
                  000035ac    00000044                                   : getdevice.c.obj (.text:getdevice)
                  000035f0    00000040                                   : sprintf.c.obj (.text:sprintf)
                  00003630    0000003e                                   : _printfi.c.obj (.text:_fcpy)
                  0000366e    00000002     --HOLE-- [fill = 0]
                  00003670    00000038     msp432p4xx_driverlib.lib : adc14.o (.text:ADC14_initModule)
                  000036a8    00000038     rtsv7M4_T_le_v4SPD16_eabi.lib : trgmsg.c.obj (.text:__TI_writemsg)
                  000036e0    00000036                                   : strncpy.c.obj (.text:strncpy)
                  00003716    00000002     --HOLE-- [fill = 0]
                  00003718    00000034                                   : fopen.c.obj (.text:__TI_cleanup)
                  0000374c    00000034                                   : trgmsg.c.obj (.text:__TI_readmsg)
                  00003780    00000034                                   : boot_cortex_m.c.obj (.text:_c_int00_noargs:_c_int00_noargs)
                  000037b4    00000030     msp432p4xx_driverlib.lib : gpio.o (.text:GPIO_setAsInputPinWithPullUpResistor)
                  000037e4    00000030                              : uart.o (.text:UART_getEnabledInterruptStatus)
                  00003814    00000030     rtsv7M4_T_le_v4SPD16_eabi.lib : getdevice.c.obj (.text:finddevice)
                  00003844    0000002e                                   : i_tofd_t2.asm.obj (.text)
                  00003872    00000002     --HOLE-- [fill = 0]
                  00003874    0000002c     msp432p4xx_driverlib.lib : adc14.o (.text:ADC14_enableConversion)
                  000038a0    0000002c     rtsv7M4_T_le_v4SPD16_eabi.lib : unlink.c.obj (.text:unlink)
                  000038cc    00000028     msp432p4xx_driverlib.lib : adc14.o (.text:ADC14_enableSampleTimer)
                  000038f4    00000028     rtsv7M4_T_le_v4SPD16_eabi.lib : memory.c.obj (.text:free_list_insert)
                  0000391c    00000028                                   : lseek.c.obj (.text:lseek)
                  00003944    00000028                                   : write.c.obj (.text:write)
                  0000396c    00000024     msp432p4xx_driverlib.lib : cs.o (.text:CS_setDCOCenteredFrequency)
                  00003990    00000024                              : gpio.o (.text:GPIO_setAsOutputPin)
                  000039b4    00000024                              : uart.o (.text:UART_receiveData)
                  000039d8    00000024                              : uart.o (.text:UART_transmitData)
                  000039fc    00000020     rtsv7M4_T_le_v4SPD16_eabi.lib : memchr.c.obj (.text:memchr)
                  00003a1c    0000001c     msp432p4xx_driverlib.lib : cs.o (.text:CS_setReferenceOscillatorFrequency)
                  00003a38    0000001c     rtsv7M4_T_le_v4SPD16_eabi.lib : copy_zero_init.c.obj (.text:decompress:ZI:__TI_zero_init_nomemset:__TI_zero_init_nomemset)
                  00003a54    0000001c                                   : memory.c.obj (.text:free_list_remove)
                  00003a70    0000001c                                   : memccpy.c.obj (.text:memccpy)
                  00003a8c    0000001a     msp432p4xx_driverlib.lib : timer_a.o (.text:Timer_A_clearCaptureCompareInterrupt)
                  00003aa6    0000001a     rtsv7M4_T_le_v4SPD16_eabi.lib : s_copysign.c.obj (.text:copysign)
                  00003ac0    00000018     msp432p4xx_driverlib.lib : gpio.o (.text:GPIO_getInputPinValue)
                  00003ad8    00000018                              : gpio.o (.text:GPIO_setOutputLowOnPin)
                  00003af0    00000018                              : wdt_a.o (.text:WDT_A_holdTimer)
                  00003b08    00000018     rtsv7M4_T_le_v4SPD16_eabi.lib : sprintf.c.obj (.text:_outs)
                  00003b20    00000018                                   : strcmp.c.obj (.text:strcmp)
                  00003b38    00000016     msp432p4xx_driverlib.lib : uart.o (.text:UART_enableInterrupt)
                  00003b4e    00000016     rtsv7M4_T_le_v4SPD16_eabi.lib : strchr.c.obj (.text:strchr)
                  00003b64    00000014     msp432p4xx_driverlib.lib : adc14.o (.text:ADC14_setResolution)
                  00003b78    00000014                              : adc14.o (.text:ADCIsConversionRunning)
                  00003b8c    00000014                              : fpu.o (.text:FPU_enableModule)
                  00003ba0    00000014                              : gpio.o (.text:GPIO_setOutputHighOnPin)
                  00003bb4    00000014                              : ref_a.o (.text:REF_A_setReferenceVoltage)
                  00003bc8    00000014     rtsv7M4_T_le_v4SPD16_eabi.lib : strcpy.c.obj (.text:strcpy)
                  00003bdc    00000014                                   : strlen.c.obj (.text:strlen)
                  00003bf0    00000012                                   : wcslen.c.obj (.text:wcslen)
                  00003c02    00000002     --HOLE-- [fill = 0]
                  00003c04    00000010     msp432p4xx_driverlib.lib : adc14.o (.text:ADC14_enableModule)
                  00003c14    00000010                              : interrupt.o (.text:Interrupt_disableMaster)
                  00003c24    00000010                              : interrupt.o (.text:Interrupt_enableMaster)
                  00003c34    0000000e                              : uart.o (.text:UART_clearInterruptFlag)
                  00003c42    0000000e     rtsv7M4_T_le_v4SPD16_eabi.lib : copy_decompress_none.c.obj (.text:decompress:none:__TI_decompress_none)
                  00003c50    0000000e     startup_msp432p4111_ccs.obj (.text)
                  00003c5e    0000000c     msp432p4xx_driverlib.lib : cpu.o (.text:CPU_cpsid)
                  00003c6a    0000000c                              : cpu.o (.text:CPU_cpsie)
                  00003c76    0000000c                              : uart.o (.text:UART_enableModule)
                  00003c82    0000000a     rtsv7M4_T_le_v4SPD16_eabi.lib : sprintf.c.obj (.text:_outc)
                  00003c8c    00000008     msp432p4xx_driverlib.lib : timer_a.o (.text:Timer_A_startCounter)
                  00003c94    00000008     rtsv7M4_T_le_v4SPD16_eabi.lib : errno.c.obj (.text:__aeabi_errno_addr)
                  00003c9c    00000008                                   : memory.c.obj (.text:malloc)
                  00003ca4    00000006     msp432p4xx_driverlib.lib : uart.o (.text:UART_getInterruptStatus)
                  00003caa    00000004     rtsv7M4_T_le_v4SPD16_eabi.lib : printf.c.obj (.text:_outc)
                  00003cae    00000004                                   : printf.c.obj (.text:_outs)
                  00003cb2    00000004                                   : pre_init.c.obj (.text:_system_pre_init)
                  00003cb6    00000004                                   : exit.c.obj (.text:abort:abort)

.const     0    00003cbc    00000200     
                  00003cbc    00000101     rtsv7M4_T_le_v4SPD16_eabi.lib : ctype.c.obj (.const:.string:_ctypes_)
                  00003dbd    00000003     --HOLE-- [fill = 0]
                  00003dc0    00000080     msp432p4xx_driverlib.lib : adc14.o (.const:_ctlRegs)
                  00003e40    00000040                              : interrupt.o (.const)
                  00003e80    00000024     main.obj (.const:UART_init)
                  00003ea4    00000018     main.obj (.const:upConfig)

.cinit     0    00003ec0    000000c8     
                  00003ec0    000000a2     (.cinit..data.load) [load image, compression = lzss]
                  00003f62    00000002     --HOLE-- [fill = 0]
                  00003f64    0000000c     (__TI_handler_table)
                  00003f70    00000008     (.cinit..bss.load) [load image, compression = zero_init]
                  00003f78    00000010     (__TI_cinit_table)

.init_array 
*          0    00000000    00000000     UNINITIALIZED

.binit     0    00000000    00000000     

.sysmem    0    20000000    00000400     UNINITIALIZED
                  20000000    00000010     rtsv7M4_T_le_v4SPD16_eabi.lib : memory.c.obj (.sysmem)
                  20000010    000003f0     --HOLE--

.data      0    20000400    00000244     UNINITIALIZED
                  20000400    000000f0     rtsv7M4_T_le_v4SPD16_eabi.lib : defs.c.obj (.data:_ftable)
                  200004f0    00000078                                   : host_device.c.obj (.data:_device)
                  20000568    00000050                                   : host_device.c.obj (.data:_stream)
                  200005b8    00000030     msp432p4xx_driverlib.lib : gpio.o (.data:GPIO_PORT_TO_BASE)
                  200005e8    00000018     main.obj (.data:pwmConfig)
                  20000600    00000010     rtsv7M4_T_le_v4SPD16_eabi.lib : defs.c.obj (.data)
                  20000610    0000000d     main.obj (.data)
                  2000061d    00000003     --HOLE--
                  20000620    0000000c     rtsv7M4_T_le_v4SPD16_eabi.lib : exit.c.obj (.data:$O1$$)
                  2000062c    00000008                                   : _lock.c.obj (.data:$O1$$)
                  20000634    00000008                                   : memory.c.obj (.data:$O1$$)
                  2000063c    00000004                                   : errno.c.obj (.data)
                  20000640    00000004     system_msp432p4111.obj (.data)

.bss       0    20000644    000001c8     UNINITIALIZED
                  20000644    00000120     rtsv7M4_T_le_v4SPD16_eabi.lib : trgmsg.c.obj (.bss:_CIOBUF_)
                  20000764    000000a0     (.common:__TI_tmpnams)
                  20000804    00000008     (.common:parmbuf)

.stack     0    2003fe00    00000200     UNINITIALIZED
                  2003fe00    00000004     rtsv7M4_T_le_v4SPD16_eabi.lib : boot_cortex_m.c.obj (.stack)
                  2003fe04    000001fc     --HOLE--

__llvm_prf_cnts 
*          0    20000000    00000000     UNINITIALIZED

MODULE SUMMARY

       Module                        code    ro data   rw data
       ------                        ----    -------   -------
    .\
       main.obj                      920     60        74     
       system_msp432p4111.obj        848     0         8      
       startup_msp432p4111_ccs.obj   14      232       0      
    +--+-----------------------------+-------+---------+---------+
       Total:                        1782    292       82     
                                                              
    C:/ti/ccs1220/msp432_driverlib_3_21_00_05/msp432_driverlib_3_21_00_05/driverlib/MSP432P4xx/ccs/msp432p4xx_driverlib.lib
       adc14.o                       712     128       0      
       cs.o                          704     0         0      
       gpio.o                        300     0         96     
       timer_a.o                     352     0         0      
       uart.o                        322     0         0      
       interrupt.o                   132     64        0      
       sysctl.o                      80      0         0      
       cpu.o                         24      0         0      
       wdt_a.o                       24      0         0      
       fpu.o                         20      0         0      
       ref_a.o                       20      0         0      
    +--+-----------------------------+-------+---------+---------+
       Total:                        2690    192       96     
                                                              
    C:\ti\ccs1220\ccs\tools\compiler\ti-cgt-arm_20.2.7.LTS\lib\rtsv7M4_T_le_v4SPD16_eabi.lib
       _printfi.c.obj                4851    0         0      
       defs.c.obj                    0       0         832    
       memory.c.obj                  672     0         16     
       trgmsg.c.obj                  108     0         576    
       fd_add_t2.asm.obj             438     0         0      
       host_device.c.obj             0       0         400    
       fd_div_t2.asm.obj             310     0         0      
       fputs.c.obj                   276     0         0      
       s_scalbn.c.obj                272     0         0      
       fd_cmp_t2.asm.obj             268     0         0      
       ctype.c.obj                   0       257       0      
       fd_mul_t2.asm.obj             252     0         0      
       setvbuf.c.obj                 220     0         0      
       memcpy_t2.asm.obj             156     0         0      
       ull_div_t2.asm.obj            150     0         0      
       fputc.c.obj                   140     0         0      
       memset_t2.asm.obj             122     0         0      
       fclose.c.obj                  116     0         0      
       getdevice.c.obj               116     0         0      
       hostopen.c.obj                96      0         16     
       printf.c.obj                  112     0         0      
       hostrename.c.obj              108     0         0      
       copy_decompress_lzss.c.obj    104     0         0      
       hostlseek.c.obj               104     0         0      
       exit.c.obj                    76      0         24     
       fseek.c.obj                   100     0         0      
       s_frexp.c.obj                 100     0         0      
       _io_perm.c.obj                98      0         0      
       sprintf.c.obj                 98      0         0      
       close.c.obj                   92      0         0      
       hostread.c.obj                88      0         0      
       hostwrite.c.obj               88      0         0      
       _ltoa.c.obj                   84      0         0      
       atoi.c.obj                    76      0         0      
       fflush.c.obj                  76      0         0      
       fd_toi_t2.asm.obj             72      0         0      
       autoinit.c.obj                68      0         0      
       hostclose.c.obj               68      0         0      
       hostunlink.c.obj              68      0         0      
       strncpy.c.obj                 54      0         0      
       boot_cortex_m.c.obj           52      0         0      
       fopen.c.obj                   52      0         0      
       i_tofd_t2.asm.obj             46      0         0      
       unlink.c.obj                  44      0         0      
       lseek.c.obj                   40      0         0      
       write.c.obj                   40      0         0      
       memchr.c.obj                  32      0         0      
       copy_zero_init.c.obj          28      0         0      
       memccpy.c.obj                 28      0         0      
       s_copysign.c.obj              26      0         0      
       strcmp.c.obj                  24      0         0      
       strchr.c.obj                  22      0         0      
       strcpy.c.obj                  20      0         0      
       strlen.c.obj                  20      0         0      
       _lock.c.obj                   2       0         16     
       wcslen.c.obj                  18      0         0      
       errno.c.obj                   8       0         8      
       copy_decompress_none.c.obj    14      0         0      
       pre_init.c.obj                4       0         0      
       div0.asm.obj                  2       0         0      
    +--+-----------------------------+-------+---------+---------+
       Total:                        10819   257       1888   
                                                              
       Heap:                         0       0         2048   
       Stack:                        0       0         1024   
       Linker Generated:             0       198       0      
    +--+-----------------------------+-------+---------+---------+
       Grand Total:                  15291   939       5138   


LINKER GENERATED COPY TABLES

__TI_cinit_table @ 00003f78 records: 2, size/record: 8, table size: 16
	.data: load addr=00003ec0, load size=000000a2 bytes, run addr=20000400, run size=00000244 bytes, compression=lzss
	.bss: load addr=00003f70, load size=00000008 bytes, run addr=20000644, run size=000001c8 bytes, compression=zero_init


LINKER GENERATED HANDLER TABLE

__TI_handler_table @ 00003f64 records: 3, size/record: 4, table size: 12
	index: 0, handler: __TI_decompress_lzss
	index: 1, handler: __TI_decompress_none
	index: 2, handler: __TI_zero_init


GLOBAL SYMBOLS: SORTED ALPHABETICALLY BY Name 

address   name                                       
-------   ----                                       
00003c5d  ADC14_IRQHandler                           
00002ba5  ADC14_configureConversionMemory            
00003459  ADC14_configureSingleSampleMode            
00003875  ADC14_enableConversion                     
00003c05  ADC14_enableModule                         
000038cd  ADC14_enableSampleTimer                    
00003671  ADC14_initModule                           
00003b65  ADC14_setResolution                        
00003c5d  AES256_IRQHandler                          
00003c5d  BusFault_Handler                           
00003cb7  C$$EXIT                                    
000036d7  C$$IO$$                                    
00003c5d  COMP_E0_IRQHandler                         
00003c5d  COMP_E1_IRQHandler                         
00003c5f  CPU_cpsid                                  
00003c6b  CPU_cpsie                                  
00003c5d  CS_IRQHandler                              
00002355  CS_initClockSignal                         
0000396d  CS_setDCOCenteredFrequency                 
0000196d  CS_setDCOFrequency                         
00003a1d  CS_setReferenceOscillatorFrequency         
00003109  CS_tuneDCOFrequency                        
00003c5d  DMA_ERR_IRQHandler                         
00003c5d  DMA_INT0_IRQHandler                        
00003c5d  DMA_INT1_IRQHandler                        
00003c5d  DMA_INT2_IRQHandler                        
00003c5d  DMA_INT3_IRQHandler                        
00003c5d  DebugMon_Handler                           
00003c5d  Default_Handler                            
00000d4b  EUSCIA0_IRQHandler                         
00000d4b  EUSCIA0_IRQHandler                         
00003c5d  EUSCIA1_IRQHandler                         
00003c5d  EUSCIA2_IRQHandler                         
00003c5d  EUSCIA3_IRQHandler                         
00003c5d  EUSCIB0_IRQHandler                         
00003c5d  EUSCIB1_IRQHandler                         
00003c5d  EUSCIB2_IRQHandler                         
00003c5d  EUSCIB3_IRQHandler                         
00003c5d  FLCTL_A_IRQHandler                         
00003c5d  FPU_IRQHandler                             
00003b8d  FPU_enableModule                           
00003ac1  GPIO_getInputPinValue                      
000037b5  GPIO_setAsInputPinWithPullUpResistor       
00003991  GPIO_setAsOutputPin                        
00003339  GPIO_setAsPeripheralModuleFunctionInputPin 
00003255  GPIO_setAsPeripheralModuleFunctionOutputPin
00003ba1  GPIO_setOutputHighOnPin                    
00003ad9  GPIO_setOutputLowOnPin                     
0000349d  HOSTclose                                  
00002c7d  HOSTlseek                                  
00002f45  HOSTopen                                   
00003001  HOSTread                                   
00002c11  HOSTrename                                 
000034e1  HOSTunlink                                 
00003059  HOSTwrite                                  
00003c5d  HardFault_Handler                          
00003c15  Interrupt_disableMaster                    
00002db5  Interrupt_enableInterrupt                  
00003c25  Interrupt_enableMaster                     
00003c5d  LCD_F_IRQHandler                           
00003c5d  MemManage_Handler                          
00003c5d  NMI_Handler                                
00003c5d  PCM_IRQHandler                             
00003c5d  PORT1_IRQHandler                           
00003c5d  PORT2_IRQHandler                           
00003c5d  PORT3_IRQHandler                           
00003c5d  PORT4_IRQHandler                           
00003c5d  PORT5_IRQHandler                           
00003c5d  PORT6_IRQHandler                           
00003c5d  PSS_IRQHandler                             
00003c5d  PendSV_Handler                             
00003bb5  REF_A_setReferenceVoltage                  
00003c5d  RTC_C_IRQHandler                           
00003c51  Reset_Handler                              
00003c5d  SVC_Handler                                
00003205  SysCtl_getTLVInfo                          
00003c5d  SysTick_Handler                            
20000640  SystemCoreClock                            
00000ed1  SystemCoreClockUpdate                      
00001149  SystemInit                                 
00003c5d  T32_INT1_IRQHandler                        
00003c5d  T32_INT2_IRQHandler                        
00003c5d  T32_INTC_IRQHandler                        
00003c5d  TA0_0_IRQHandler                           
00003c5d  TA0_N_IRQHandler                           
00000d3f  TA1_0_IRQHandler                           
00000d3f  TA1_0_IRQHandler                           
00003c5d  TA1_N_IRQHandler                           
00003c5d  TA2_0_IRQHandler                           
00003c5d  TA2_N_IRQHandler                           
00003c5d  TA3_0_IRQHandler                           
00003c5d  TA3_N_IRQHandler                           
00003a8d  Timer_A_clearCaptureCompareInterrupt       
00003525  Timer_A_configureUpMode                    
00003381  Timer_A_generatePWM                        
00003c8d  Timer_A_startCounter                       
00003c35  UART_clearInterruptFlag                    
00003b39  UART_enableInterrupt                       
00003c77  UART_enableModule                          
000037e5  UART_getEnabledInterruptStatus             
00003ca5  UART_getInterruptStatus                    
00003e80  UART_init                                  
000027a9  UART_initModule                            
000039b5  UART_receiveData                           
00000b73  UART_receivedChar                          
00000b39  UART_sendChar                              
00000b89  UART_sendInt                               
00000b57  UART_sendString                            
000039d9  UART_transmitData                          
00003c5d  UsageFault_Handler                         
4000480c  WDTCTL_SYM                                 
00003c5d  WDT_A_IRQHandler                           
00003af1  WDT_A_holdTimer                            
20000644  __CIOBUF_                                  
20040000  __STACK_END                                
00000200  __STACK_SIZE                               
00000400  __SYSMEM_SIZE                              
00003f78  __TI_CINIT_Base                            
00003f88  __TI_CINIT_Limit                           
00003f64  __TI_Handler_Table_Base                    
00003f70  __TI_Handler_Table_Limit                   
00003569  __TI_auto_init_nobinit_nopinit             
00003719  __TI_cleanup                               
20000620  __TI_cleanup_ptr                           
00002a51  __TI_closefile                             
00002ce5  __TI_decompress_lzss                       
00003c43  __TI_decompress_none                       
000032a1  __TI_doflush                               
20000624  __TI_dtors_ptr                             
20000628  __TI_enable_exit_profile_output            
20000600  __TI_ft_end                                
0000315d  __TI_ltoa                                  
ffffffff  __TI_pprof_out_hndl                        
000000e9  __TI_printfi                               
ffffffff  __TI_prof_data_size                        
ffffffff  __TI_prof_data_start                       
0000374d  __TI_readmsg                               
00000000  __TI_static_base__                         
20000764  __TI_tmpnams                               
000036a9  __TI_writemsg                              
00002ee1  __TI_wrt_ok                                
00003a39  __TI_zero_init_nomemset                    
000028c9  __aeabi_cdcmpeq                            
000028c9  __aeabi_cdcmple                            
0000294f  __aeabi_cdrcmple                           
00003411  __aeabi_d2iz                               
0000166b  __aeabi_dadd                               
00001bf5  __aeabi_ddiv                               
00002175  __aeabi_dmul                               
00001661  __aeabi_dsub                               
00003c95  __aeabi_errno_addr                         
00003845  __aeabi_i2d                                
00001817  __aeabi_idiv0                              
00001817  __aeabi_ldiv0                              
000029d5  __aeabi_memclr                             
000029d5  __aeabi_memclr4                            
000029d5  __aeabi_memclr8                            
00002677  __aeabi_memcpy                             
00002677  __aeabi_memcpy4                            
00002677  __aeabi_memcpy8                            
000029d7  __aeabi_memset                             
000029d7  __aeabi_memset4                            
000029d7  __aeabi_memset8                            
2000060c  __aeabi_stderr                             
20000604  __aeabi_stdin                              
20000608  __aeabi_stdout                             
00002713  __aeabi_uldivmod                           
ffffffff  __binit__                                  
ffffffff  __c_args__                                 
UNDEFED   __mpu_init                                 
2003fe00  __stack                                    
20000000  __start___llvm_prf_cnts                    
20000000  __stop___llvm_prf_cnts                     
00003781  _c_int00_noargs                            
00003cbc  _ctypes_                                   
200004f0  _device                                    
20000400  _ftable                                    
2000062c  _lock                                      
00000b37  _nop                                       
20000568  _stream                                    
20000000  _sys_memory                                
UNDEFED   _system_post_cinit                         
00003cb3  _system_pre_init                           
20000630  _unlock                                    
00003cb7  abort                                      
00002075  aligned_alloc                              
000032ed  atoi                                       
ffffffff  binit                                      
00000ba5  clearInputBuffer                           
00002fa5  close                                      
00003aa7  copysign                                   
00003aa7  copysignl                                  
20000610  duty_cycle                                 
2000063c  errno                                      
000033c9  exit                                       
00003815  finddevice                                 
0000283d  fputc                                      
00001e51  fputs                                      
00002271  free                                       
00002e19  frexp                                      
00002e19  frexpl                                     
00002e7d  fseek                                      
000035ad  getdevice                                  
00000bbb  initialize_LEDS                            
00000000  interruptVectors                           
00001f65  ldexp                                      
00001f65  ldexpl                                     
0000391d  lseek                                      
00000bdf  main                                       
00003c9d  malloc                                     
00002075  memalign                                   
00003a71  memccpy                                    
000039fd  memchr                                     
00002677  memcpy                                     
000029dd  memset                                     
20000618  onoff1                                     
20000804  parmbuf                                    
00002d4d  printf                                     
0000283d  putc                                       
200005e8  pwmConfig                                  
2000061c  readingUART                                
000038a1  remove                                     
00001f65  scalbn                                     
00001f65  scalbnl                                    
2000061a  setPoint                                   
00002435  setvbuf                                    
000035f1  sprintf                                    
00003b4f  strchr                                     
00003b21  strcmp                                     
00003bc9  strcpy                                     
00003bdd  strlen                                     
000036e1  strncpy                                    
20000614  sw1_cur                                    
20000616  sw1_old                                    
000038a1  unlink                                     
00003ea4  upConfig                                   
00003bf1  wcslen                                     
00003945  write                                      


GLOBAL SYMBOLS: SORTED BY Symbol Address 

address   name                                       
-------   ----                                       
00000000  __TI_static_base__                         
00000000  interruptVectors                           
000000e9  __TI_printfi                               
00000200  __STACK_SIZE                               
00000400  __SYSMEM_SIZE                              
00000b37  _nop                                       
00000b39  UART_sendChar                              
00000b57  UART_sendString                            
00000b73  UART_receivedChar                          
00000b89  UART_sendInt                               
00000ba5  clearInputBuffer                           
00000bbb  initialize_LEDS                            
00000bdf  main                                       
00000d3f  TA1_0_IRQHandler                           
00000d3f  TA1_0_IRQHandler                           
00000d4b  EUSCIA0_IRQHandler                         
00000d4b  EUSCIA0_IRQHandler                         
00000ed1  SystemCoreClockUpdate                      
00001149  SystemInit                                 
00001661  __aeabi_dsub                               
0000166b  __aeabi_dadd                               
00001817  __aeabi_idiv0                              
00001817  __aeabi_ldiv0                              
0000196d  CS_setDCOFrequency                         
00001bf5  __aeabi_ddiv                               
00001e51  fputs                                      
00001f65  ldexp                                      
00001f65  ldexpl                                     
00001f65  scalbn                                     
00001f65  scalbnl                                    
00002075  aligned_alloc                              
00002075  memalign                                   
00002175  __aeabi_dmul                               
00002271  free                                       
00002355  CS_initClockSignal                         
00002435  setvbuf                                    
00002677  __aeabi_memcpy                             
00002677  __aeabi_memcpy4                            
00002677  __aeabi_memcpy8                            
00002677  memcpy                                     
00002713  __aeabi_uldivmod                           
000027a9  UART_initModule                            
0000283d  fputc                                      
0000283d  putc                                       
000028c9  __aeabi_cdcmpeq                            
000028c9  __aeabi_cdcmple                            
0000294f  __aeabi_cdrcmple                           
000029d5  __aeabi_memclr                             
000029d5  __aeabi_memclr4                            
000029d5  __aeabi_memclr8                            
000029d7  __aeabi_memset                             
000029d7  __aeabi_memset4                            
000029d7  __aeabi_memset8                            
000029dd  memset                                     
00002a51  __TI_closefile                             
00002ba5  ADC14_configureConversionMemory            
00002c11  HOSTrename                                 
00002c7d  HOSTlseek                                  
00002ce5  __TI_decompress_lzss                       
00002d4d  printf                                     
00002db5  Interrupt_enableInterrupt                  
00002e19  frexp                                      
00002e19  frexpl                                     
00002e7d  fseek                                      
00002ee1  __TI_wrt_ok                                
00002f45  HOSTopen                                   
00002fa5  close                                      
00003001  HOSTread                                   
00003059  HOSTwrite                                  
00003109  CS_tuneDCOFrequency                        
0000315d  __TI_ltoa                                  
00003205  SysCtl_getTLVInfo                          
00003255  GPIO_setAsPeripheralModuleFunctionOutputPin
000032a1  __TI_doflush                               
000032ed  atoi                                       
00003339  GPIO_setAsPeripheralModuleFunctionInputPin 
00003381  Timer_A_generatePWM                        
000033c9  exit                                       
00003411  __aeabi_d2iz                               
00003459  ADC14_configureSingleSampleMode            
0000349d  HOSTclose                                  
000034e1  HOSTunlink                                 
00003525  Timer_A_configureUpMode                    
00003569  __TI_auto_init_nobinit_nopinit             
000035ad  getdevice                                  
000035f1  sprintf                                    
00003671  ADC14_initModule                           
000036a9  __TI_writemsg                              
000036d7  C$$IO$$                                    
000036e1  strncpy                                    
00003719  __TI_cleanup                               
0000374d  __TI_readmsg                               
00003781  _c_int00_noargs                            
000037b5  GPIO_setAsInputPinWithPullUpResistor       
000037e5  UART_getEnabledInterruptStatus             
00003815  finddevice                                 
00003845  __aeabi_i2d                                
00003875  ADC14_enableConversion                     
000038a1  remove                                     
000038a1  unlink                                     
000038cd  ADC14_enableSampleTimer                    
0000391d  lseek                                      
00003945  write                                      
0000396d  CS_setDCOCenteredFrequency                 
00003991  GPIO_setAsOutputPin                        
000039b5  UART_receiveData                           
000039d9  UART_transmitData                          
000039fd  memchr                                     
00003a1d  CS_setReferenceOscillatorFrequency         
00003a39  __TI_zero_init_nomemset                    
00003a71  memccpy                                    
00003a8d  Timer_A_clearCaptureCompareInterrupt       
00003aa7  copysign                                   
00003aa7  copysignl                                  
00003ac1  GPIO_getInputPinValue                      
00003ad9  GPIO_setOutputLowOnPin                     
00003af1  WDT_A_holdTimer                            
00003b21  strcmp                                     
00003b39  UART_enableInterrupt                       
00003b4f  strchr                                     
00003b65  ADC14_setResolution                        
00003b8d  FPU_enableModule                           
00003ba1  GPIO_setOutputHighOnPin                    
00003bb5  REF_A_setReferenceVoltage                  
00003bc9  strcpy                                     
00003bdd  strlen                                     
00003bf1  wcslen                                     
00003c05  ADC14_enableModule                         
00003c15  Interrupt_disableMaster                    
00003c25  Interrupt_enableMaster                     
00003c35  UART_clearInterruptFlag                    
00003c43  __TI_decompress_none                       
00003c51  Reset_Handler                              
00003c5d  ADC14_IRQHandler                           
00003c5d  AES256_IRQHandler                          
00003c5d  BusFault_Handler                           
00003c5d  COMP_E0_IRQHandler                         
00003c5d  COMP_E1_IRQHandler                         
00003c5d  CS_IRQHandler                              
00003c5d  DMA_ERR_IRQHandler                         
00003c5d  DMA_INT0_IRQHandler                        
00003c5d  DMA_INT1_IRQHandler                        
00003c5d  DMA_INT2_IRQHandler                        
00003c5d  DMA_INT3_IRQHandler                        
00003c5d  DebugMon_Handler                           
00003c5d  Default_Handler                            
00003c5d  EUSCIA1_IRQHandler                         
00003c5d  EUSCIA2_IRQHandler                         
00003c5d  EUSCIA3_IRQHandler                         
00003c5d  EUSCIB0_IRQHandler                         
00003c5d  EUSCIB1_IRQHandler                         
00003c5d  EUSCIB2_IRQHandler                         
00003c5d  EUSCIB3_IRQHandler                         
00003c5d  FLCTL_A_IRQHandler                         
00003c5d  FPU_IRQHandler                             
00003c5d  HardFault_Handler                          
00003c5d  LCD_F_IRQHandler                           
00003c5d  MemManage_Handler                          
00003c5d  NMI_Handler                                
00003c5d  PCM_IRQHandler                             
00003c5d  PORT1_IRQHandler                           
00003c5d  PORT2_IRQHandler                           
00003c5d  PORT3_IRQHandler                           
00003c5d  PORT4_IRQHandler                           
00003c5d  PORT5_IRQHandler                           
00003c5d  PORT6_IRQHandler                           
00003c5d  PSS_IRQHandler                             
00003c5d  PendSV_Handler                             
00003c5d  RTC_C_IRQHandler                           
00003c5d  SVC_Handler                                
00003c5d  SysTick_Handler                            
00003c5d  T32_INT1_IRQHandler                        
00003c5d  T32_INT2_IRQHandler                        
00003c5d  T32_INTC_IRQHandler                        
00003c5d  TA0_0_IRQHandler                           
00003c5d  TA0_N_IRQHandler                           
00003c5d  TA1_N_IRQHandler                           
00003c5d  TA2_0_IRQHandler                           
00003c5d  TA2_N_IRQHandler                           
00003c5d  TA3_0_IRQHandler                           
00003c5d  TA3_N_IRQHandler                           
00003c5d  UsageFault_Handler                         
00003c5d  WDT_A_IRQHandler                           
00003c5f  CPU_cpsid                                  
00003c6b  CPU_cpsie                                  
00003c77  UART_enableModule                          
00003c8d  Timer_A_startCounter                       
00003c95  __aeabi_errno_addr                         
00003c9d  malloc                                     
00003ca5  UART_getInterruptStatus                    
00003cb3  _system_pre_init                           
00003cb7  C$$EXIT                                    
00003cb7  abort                                      
00003cbc  _ctypes_                                   
00003e80  UART_init                                  
00003ea4  upConfig                                   
00003f64  __TI_Handler_Table_Base                    
00003f70  __TI_Handler_Table_Limit                   
00003f78  __TI_CINIT_Base                            
00003f88  __TI_CINIT_Limit                           
20000000  __start___llvm_prf_cnts                    
20000000  __stop___llvm_prf_cnts                     
20000000  _sys_memory                                
20000400  _ftable                                    
200004f0  _device                                    
20000568  _stream                                    
200005e8  pwmConfig                                  
20000600  __TI_ft_end                                
20000604  __aeabi_stdin                              
20000608  __aeabi_stdout                             
2000060c  __aeabi_stderr                             
20000610  duty_cycle                                 
20000614  sw1_cur                                    
20000616  sw1_old                                    
20000618  onoff1                                     
2000061a  setPoint                                   
2000061c  readingUART                                
20000620  __TI_cleanup_ptr                           
20000624  __TI_dtors_ptr                             
20000628  __TI_enable_exit_profile_output            
2000062c  _lock                                      
20000630  _unlock                                    
2000063c  errno                                      
20000640  SystemCoreClock                            
20000644  __CIOBUF_                                  
20000764  __TI_tmpnams                               
20000804  parmbuf                                    
2003fe00  __stack                                    
20040000  __STACK_END                                
4000480c  WDTCTL_SYM                                 
ffffffff  __TI_pprof_out_hndl                        
ffffffff  __TI_prof_data_size                        
ffffffff  __TI_prof_data_start                       
ffffffff  __binit__                                  
ffffffff  __c_args__                                 
ffffffff  binit                                      
UNDEFED   __mpu_init                                 
UNDEFED   _system_post_cinit                         

[238 symbols]
