<?xml version="1.0" encoding="ISO-8859-1" ?>
<link_info>
   <banner>TI ARM Linker PC v20.2.7.LTS</banner>
   <copyright>Copyright (c) 1996-2018 Texas Instruments Incorporated</copyright>
   <link_time>0x647d0fb7</link_time>
   <link_errors>0x0</link_errors>
   <output_file>Lab_8_Taylor_Jackie2.out</output_file>
   <entry_point>
      <name>_c_int00_noargs</name>
      <address>0x36f1</address>
   </entry_point>
   <input_file_list>
      <input_file id="fl-2">
         <path>.\</path>
         <kind>object</kind>
         <file>main.obj</file>
         <name>main.obj</name>
      </input_file>
      <input_file id="fl-3">
         <path>.\</path>
         <kind>object</kind>
         <file>startup_msp432p401r_ccs.obj</file>
         <name>startup_msp432p401r_ccs.obj</name>
      </input_file>
      <input_file id="fl-4">
         <path>.\</path>
         <kind>object</kind>
         <file>system_msp432p401r.obj</file>
         <name>system_msp432p401r.obj</name>
      </input_file>
      <input_file id="fl-9">
         <kind>object</kind>
         <file>&lt;internal&gt;</file>
         <name>&lt;internal&gt;</name>
      </input_file>
      <input_file id="fl-bf">
         <path>C:\ti\ccs1220\ccs\tools\compiler\ti-cgt-arm_20.2.7.LTS\lib\</path>
         <kind>archive</kind>
         <file>rtsv7M4_T_le_v4SPD16_eabi.lib</file>
         <name>printf.c.obj</name>
      </input_file>
      <input_file id="fl-c0">
         <path>C:\ti\ccs1220\ccs\tools\compiler\ti-cgt-arm_20.2.7.LTS\lib\</path>
         <kind>archive</kind>
         <file>rtsv7M4_T_le_v4SPD16_eabi.lib</file>
         <name>_printfi.c.obj</name>
      </input_file>
      <input_file id="fl-c1">
         <path>C:\ti\ccs1220\ccs\tools\compiler\ti-cgt-arm_20.2.7.LTS\lib\</path>
         <kind>archive</kind>
         <file>rtsv7M4_T_le_v4SPD16_eabi.lib</file>
         <name>fputc.c.obj</name>
      </input_file>
      <input_file id="fl-c2">
         <path>C:\ti\ccs1220\ccs\tools\compiler\ti-cgt-arm_20.2.7.LTS\lib\</path>
         <kind>archive</kind>
         <file>rtsv7M4_T_le_v4SPD16_eabi.lib</file>
         <name>fputs.c.obj</name>
      </input_file>
      <input_file id="fl-c3">
         <path>C:\ti\ccs1220\ccs\tools\compiler\ti-cgt-arm_20.2.7.LTS\lib\</path>
         <kind>archive</kind>
         <file>rtsv7M4_T_le_v4SPD16_eabi.lib</file>
         <name>_io_perm.c.obj</name>
      </input_file>
      <input_file id="fl-c4">
         <path>C:\ti\ccs1220\ccs\tools\compiler\ti-cgt-arm_20.2.7.LTS\lib\</path>
         <kind>archive</kind>
         <file>rtsv7M4_T_le_v4SPD16_eabi.lib</file>
         <name>setvbuf.c.obj</name>
      </input_file>
      <input_file id="fl-c5">
         <path>C:\ti\ccs1220\ccs\tools\compiler\ti-cgt-arm_20.2.7.LTS\lib\</path>
         <kind>archive</kind>
         <file>rtsv7M4_T_le_v4SPD16_eabi.lib</file>
         <name>fd_add_t2.asm.obj</name>
      </input_file>
      <input_file id="fl-c6">
         <path>C:\ti\ccs1220\ccs\tools\compiler\ti-cgt-arm_20.2.7.LTS\lib\</path>
         <kind>archive</kind>
         <file>rtsv7M4_T_le_v4SPD16_eabi.lib</file>
         <name>fd_cmp_t2.asm.obj</name>
      </input_file>
      <input_file id="fl-c7">
         <path>C:\ti\ccs1220\ccs\tools\compiler\ti-cgt-arm_20.2.7.LTS\lib\</path>
         <kind>archive</kind>
         <file>rtsv7M4_T_le_v4SPD16_eabi.lib</file>
         <name>fd_div_t2.asm.obj</name>
      </input_file>
      <input_file id="fl-c8">
         <path>C:\ti\ccs1220\ccs\tools\compiler\ti-cgt-arm_20.2.7.LTS\lib\</path>
         <kind>archive</kind>
         <file>rtsv7M4_T_le_v4SPD16_eabi.lib</file>
         <name>fd_mul_t2.asm.obj</name>
      </input_file>
      <input_file id="fl-c9">
         <path>C:\ti\ccs1220\ccs\tools\compiler\ti-cgt-arm_20.2.7.LTS\lib\</path>
         <kind>archive</kind>
         <file>rtsv7M4_T_le_v4SPD16_eabi.lib</file>
         <name>fd_toi_t2.asm.obj</name>
      </input_file>
      <input_file id="fl-ca">
         <path>C:\ti\ccs1220\ccs\tools\compiler\ti-cgt-arm_20.2.7.LTS\lib\</path>
         <kind>archive</kind>
         <file>rtsv7M4_T_le_v4SPD16_eabi.lib</file>
         <name>fd_tos_t2.asm.obj</name>
      </input_file>
      <input_file id="fl-cb">
         <path>C:\ti\ccs1220\ccs\tools\compiler\ti-cgt-arm_20.2.7.LTS\lib\</path>
         <kind>archive</kind>
         <file>rtsv7M4_T_le_v4SPD16_eabi.lib</file>
         <name>fs_tod_t2.asm.obj</name>
      </input_file>
      <input_file id="fl-cc">
         <path>C:\ti\ccs1220\ccs\tools\compiler\ti-cgt-arm_20.2.7.LTS\lib\</path>
         <kind>archive</kind>
         <file>rtsv7M4_T_le_v4SPD16_eabi.lib</file>
         <name>i_tofd_t2.asm.obj</name>
      </input_file>
      <input_file id="fl-cd">
         <path>C:\ti\ccs1220\ccs\tools\compiler\ti-cgt-arm_20.2.7.LTS\lib\</path>
         <kind>archive</kind>
         <file>rtsv7M4_T_le_v4SPD16_eabi.lib</file>
         <name>memcpy_t2.asm.obj</name>
      </input_file>
      <input_file id="fl-ce">
         <path>C:\ti\ccs1220\ccs\tools\compiler\ti-cgt-arm_20.2.7.LTS\lib\</path>
         <kind>archive</kind>
         <file>rtsv7M4_T_le_v4SPD16_eabi.lib</file>
         <name>memset_t2.asm.obj</name>
      </input_file>
      <input_file id="fl-cf">
         <path>C:\ti\ccs1220\ccs\tools\compiler\ti-cgt-arm_20.2.7.LTS\lib\</path>
         <kind>archive</kind>
         <file>rtsv7M4_T_le_v4SPD16_eabi.lib</file>
         <name>ull_div_t2.asm.obj</name>
      </input_file>
      <input_file id="fl-d0">
         <path>C:\ti\ccs1220\ccs\tools\compiler\ti-cgt-arm_20.2.7.LTS\lib\</path>
         <kind>archive</kind>
         <file>rtsv7M4_T_le_v4SPD16_eabi.lib</file>
         <name>copy_zero_init.c.obj</name>
      </input_file>
      <input_file id="fl-d1">
         <path>C:\ti\ccs1220\ccs\tools\compiler\ti-cgt-arm_20.2.7.LTS\lib\</path>
         <kind>archive</kind>
         <file>rtsv7M4_T_le_v4SPD16_eabi.lib</file>
         <name>copy_decompress_none.c.obj</name>
      </input_file>
      <input_file id="fl-d2">
         <path>C:\ti\ccs1220\ccs\tools\compiler\ti-cgt-arm_20.2.7.LTS\lib\</path>
         <kind>archive</kind>
         <file>rtsv7M4_T_le_v4SPD16_eabi.lib</file>
         <name>copy_decompress_lzss.c.obj</name>
      </input_file>
      <input_file id="fl-d3">
         <path>C:\ti\ccs1220\ccs\tools\compiler\ti-cgt-arm_20.2.7.LTS\lib\</path>
         <kind>archive</kind>
         <file>rtsv7M4_T_le_v4SPD16_eabi.lib</file>
         <name>exit.c.obj</name>
      </input_file>
      <input_file id="fl-d4">
         <path>C:\ti\ccs1220\ccs\tools\compiler\ti-cgt-arm_20.2.7.LTS\lib\</path>
         <kind>archive</kind>
         <file>rtsv7M4_T_le_v4SPD16_eabi.lib</file>
         <name>_lock.c.obj</name>
      </input_file>
      <input_file id="fl-d5">
         <path>C:\ti\ccs1220\ccs\tools\compiler\ti-cgt-arm_20.2.7.LTS\lib\</path>
         <kind>archive</kind>
         <file>rtsv7M4_T_le_v4SPD16_eabi.lib</file>
         <name>_ltoa.c.obj</name>
      </input_file>
      <input_file id="fl-d6">
         <path>C:\ti\ccs1220\ccs\tools\compiler\ti-cgt-arm_20.2.7.LTS\lib\</path>
         <kind>archive</kind>
         <file>rtsv7M4_T_le_v4SPD16_eabi.lib</file>
         <name>atoi.c.obj</name>
      </input_file>
      <input_file id="fl-d7">
         <path>C:\ti\ccs1220\ccs\tools\compiler\ti-cgt-arm_20.2.7.LTS\lib\</path>
         <kind>archive</kind>
         <file>rtsv7M4_T_le_v4SPD16_eabi.lib</file>
         <name>ctype.c.obj</name>
      </input_file>
      <input_file id="fl-d8">
         <path>C:\ti\ccs1220\ccs\tools\compiler\ti-cgt-arm_20.2.7.LTS\lib\</path>
         <kind>archive</kind>
         <file>rtsv7M4_T_le_v4SPD16_eabi.lib</file>
         <name>defs.c.obj</name>
      </input_file>
      <input_file id="fl-d9">
         <path>C:\ti\ccs1220\ccs\tools\compiler\ti-cgt-arm_20.2.7.LTS\lib\</path>
         <kind>archive</kind>
         <file>rtsv7M4_T_le_v4SPD16_eabi.lib</file>
         <name>memccpy.c.obj</name>
      </input_file>
      <input_file id="fl-da">
         <path>C:\ti\ccs1220\ccs\tools\compiler\ti-cgt-arm_20.2.7.LTS\lib\</path>
         <kind>archive</kind>
         <file>rtsv7M4_T_le_v4SPD16_eabi.lib</file>
         <name>memchr.c.obj</name>
      </input_file>
      <input_file id="fl-db">
         <path>C:\ti\ccs1220\ccs\tools\compiler\ti-cgt-arm_20.2.7.LTS\lib\</path>
         <kind>archive</kind>
         <file>rtsv7M4_T_le_v4SPD16_eabi.lib</file>
         <name>memory.c.obj</name>
      </input_file>
      <input_file id="fl-dc">
         <path>C:\ti\ccs1220\ccs\tools\compiler\ti-cgt-arm_20.2.7.LTS\lib\</path>
         <kind>archive</kind>
         <file>rtsv7M4_T_le_v4SPD16_eabi.lib</file>
         <name>strchr.c.obj</name>
      </input_file>
      <input_file id="fl-dd">
         <path>C:\ti\ccs1220\ccs\tools\compiler\ti-cgt-arm_20.2.7.LTS\lib\</path>
         <kind>archive</kind>
         <file>rtsv7M4_T_le_v4SPD16_eabi.lib</file>
         <name>strlen.c.obj</name>
      </input_file>
      <input_file id="fl-de">
         <path>C:\ti\ccs1220\ccs\tools\compiler\ti-cgt-arm_20.2.7.LTS\lib\</path>
         <kind>archive</kind>
         <file>rtsv7M4_T_le_v4SPD16_eabi.lib</file>
         <name>boot_cortex_m.c.obj</name>
      </input_file>
      <input_file id="fl-df">
         <path>C:\ti\ccs1220\ccs\tools\compiler\ti-cgt-arm_20.2.7.LTS\lib\</path>
         <kind>archive</kind>
         <file>rtsv7M4_T_le_v4SPD16_eabi.lib</file>
         <name>write.c.obj</name>
      </input_file>
      <input_file id="fl-e0">
         <path>C:\ti\ccs1220\ccs\tools\compiler\ti-cgt-arm_20.2.7.LTS\lib\</path>
         <kind>archive</kind>
         <file>rtsv7M4_T_le_v4SPD16_eabi.lib</file>
         <name>host_device.c.obj</name>
      </input_file>
      <input_file id="fl-e1">
         <path>C:\ti\ccs1220\ccs\tools\compiler\ti-cgt-arm_20.2.7.LTS\lib\</path>
         <kind>archive</kind>
         <file>rtsv7M4_T_le_v4SPD16_eabi.lib</file>
         <name>errno.c.obj</name>
      </input_file>
      <input_file id="fl-e2">
         <path>C:\ti\ccs1220\ccs\tools\compiler\ti-cgt-arm_20.2.7.LTS\lib\</path>
         <kind>archive</kind>
         <file>rtsv7M4_T_le_v4SPD16_eabi.lib</file>
         <name>wcslen.c.obj</name>
      </input_file>
      <input_file id="fl-e3">
         <path>C:\ti\ccs1220\ccs\tools\compiler\ti-cgt-arm_20.2.7.LTS\lib\</path>
         <kind>archive</kind>
         <file>rtsv7M4_T_le_v4SPD16_eabi.lib</file>
         <name>s_frexp.c.obj</name>
      </input_file>
      <input_file id="fl-e4">
         <path>C:\ti\ccs1220\ccs\tools\compiler\ti-cgt-arm_20.2.7.LTS\lib\</path>
         <kind>archive</kind>
         <file>rtsv7M4_T_le_v4SPD16_eabi.lib</file>
         <name>s_scalbn.c.obj</name>
      </input_file>
      <input_file id="fl-e5">
         <path>C:\ti\ccs1220\ccs\tools\compiler\ti-cgt-arm_20.2.7.LTS\lib\</path>
         <kind>archive</kind>
         <file>rtsv7M4_T_le_v4SPD16_eabi.lib</file>
         <name>fflush.c.obj</name>
      </input_file>
      <input_file id="fl-e6">
         <path>C:\ti\ccs1220\ccs\tools\compiler\ti-cgt-arm_20.2.7.LTS\lib\</path>
         <kind>archive</kind>
         <file>rtsv7M4_T_le_v4SPD16_eabi.lib</file>
         <name>fopen.c.obj</name>
      </input_file>
      <input_file id="fl-e7">
         <path>C:\ti\ccs1220\ccs\tools\compiler\ti-cgt-arm_20.2.7.LTS\lib\</path>
         <kind>archive</kind>
         <file>rtsv7M4_T_le_v4SPD16_eabi.lib</file>
         <name>fseek.c.obj</name>
      </input_file>
      <input_file id="fl-e8">
         <path>C:\ti\ccs1220\ccs\tools\compiler\ti-cgt-arm_20.2.7.LTS\lib\</path>
         <kind>archive</kind>
         <file>rtsv7M4_T_le_v4SPD16_eabi.lib</file>
         <name>div0.asm.obj</name>
      </input_file>
      <input_file id="fl-e9">
         <path>C:\ti\ccs1220\ccs\tools\compiler\ti-cgt-arm_20.2.7.LTS\lib\</path>
         <kind>archive</kind>
         <file>rtsv7M4_T_le_v4SPD16_eabi.lib</file>
         <name>autoinit.c.obj</name>
      </input_file>
      <input_file id="fl-ea">
         <path>C:\ti\ccs1220\ccs\tools\compiler\ti-cgt-arm_20.2.7.LTS\lib\</path>
         <kind>archive</kind>
         <file>rtsv7M4_T_le_v4SPD16_eabi.lib</file>
         <name>pre_init.c.obj</name>
      </input_file>
      <input_file id="fl-eb">
         <path>C:\ti\ccs1220\ccs\tools\compiler\ti-cgt-arm_20.2.7.LTS\lib\</path>
         <kind>archive</kind>
         <file>rtsv7M4_T_le_v4SPD16_eabi.lib</file>
         <name>cpy_tbl.c.obj</name>
      </input_file>
      <input_file id="fl-ec">
         <path>C:\ti\ccs1220\ccs\tools\compiler\ti-cgt-arm_20.2.7.LTS\lib\</path>
         <kind>archive</kind>
         <file>rtsv7M4_T_le_v4SPD16_eabi.lib</file>
         <name>args_main.c.obj</name>
      </input_file>
      <input_file id="fl-ed">
         <path>C:\ti\ccs1220\ccs\tools\compiler\ti-cgt-arm_20.2.7.LTS\lib\</path>
         <kind>archive</kind>
         <file>rtsv7M4_T_le_v4SPD16_eabi.lib</file>
         <name>hostclose.c.obj</name>
      </input_file>
      <input_file id="fl-ee">
         <path>C:\ti\ccs1220\ccs\tools\compiler\ti-cgt-arm_20.2.7.LTS\lib\</path>
         <kind>archive</kind>
         <file>rtsv7M4_T_le_v4SPD16_eabi.lib</file>
         <name>hostlseek.c.obj</name>
      </input_file>
      <input_file id="fl-ef">
         <path>C:\ti\ccs1220\ccs\tools\compiler\ti-cgt-arm_20.2.7.LTS\lib\</path>
         <kind>archive</kind>
         <file>rtsv7M4_T_le_v4SPD16_eabi.lib</file>
         <name>hostopen.c.obj</name>
      </input_file>
      <input_file id="fl-f0">
         <path>C:\ti\ccs1220\ccs\tools\compiler\ti-cgt-arm_20.2.7.LTS\lib\</path>
         <kind>archive</kind>
         <file>rtsv7M4_T_le_v4SPD16_eabi.lib</file>
         <name>hostread.c.obj</name>
      </input_file>
      <input_file id="fl-f1">
         <path>C:\ti\ccs1220\ccs\tools\compiler\ti-cgt-arm_20.2.7.LTS\lib\</path>
         <kind>archive</kind>
         <file>rtsv7M4_T_le_v4SPD16_eabi.lib</file>
         <name>hostrename.c.obj</name>
      </input_file>
      <input_file id="fl-f2">
         <path>C:\ti\ccs1220\ccs\tools\compiler\ti-cgt-arm_20.2.7.LTS\lib\</path>
         <kind>archive</kind>
         <file>rtsv7M4_T_le_v4SPD16_eabi.lib</file>
         <name>hostunlink.c.obj</name>
      </input_file>
      <input_file id="fl-f3">
         <path>C:\ti\ccs1220\ccs\tools\compiler\ti-cgt-arm_20.2.7.LTS\lib\</path>
         <kind>archive</kind>
         <file>rtsv7M4_T_le_v4SPD16_eabi.lib</file>
         <name>hostwrite.c.obj</name>
      </input_file>
      <input_file id="fl-f4">
         <path>C:\ti\ccs1220\ccs\tools\compiler\ti-cgt-arm_20.2.7.LTS\lib\</path>
         <kind>archive</kind>
         <file>rtsv7M4_T_le_v4SPD16_eabi.lib</file>
         <name>trgmsg.c.obj</name>
      </input_file>
      <input_file id="fl-f5">
         <path>C:\ti\ccs1220\ccs\tools\compiler\ti-cgt-arm_20.2.7.LTS\lib\</path>
         <kind>archive</kind>
         <file>rtsv7M4_T_le_v4SPD16_eabi.lib</file>
         <name>open.c.obj</name>
      </input_file>
      <input_file id="fl-f6">
         <path>C:\ti\ccs1220\ccs\tools\compiler\ti-cgt-arm_20.2.7.LTS\lib\</path>
         <kind>archive</kind>
         <file>rtsv7M4_T_le_v4SPD16_eabi.lib</file>
         <name>lseek.c.obj</name>
      </input_file>
      <input_file id="fl-f7">
         <path>C:\ti\ccs1220\ccs\tools\compiler\ti-cgt-arm_20.2.7.LTS\lib\</path>
         <kind>archive</kind>
         <file>rtsv7M4_T_le_v4SPD16_eabi.lib</file>
         <name>s_copysign.c.obj</name>
      </input_file>
      <input_file id="fl-f8">
         <path>C:\ti\ccs1220\ccs\tools\compiler\ti-cgt-arm_20.2.7.LTS\lib\</path>
         <kind>archive</kind>
         <file>rtsv7M4_T_le_v4SPD16_eabi.lib</file>
         <name>fclose.c.obj</name>
      </input_file>
      <input_file id="fl-f9">
         <path>C:\ti\ccs1220\ccs\tools\compiler\ti-cgt-arm_20.2.7.LTS\lib\</path>
         <kind>archive</kind>
         <file>rtsv7M4_T_le_v4SPD16_eabi.lib</file>
         <name>getdevice.c.obj</name>
      </input_file>
      <input_file id="fl-fa">
         <path>C:\ti\ccs1220\ccs\tools\compiler\ti-cgt-arm_20.2.7.LTS\lib\</path>
         <kind>archive</kind>
         <file>rtsv7M4_T_le_v4SPD16_eabi.lib</file>
         <name>strcmp.c.obj</name>
      </input_file>
      <input_file id="fl-fb">
         <path>C:\ti\ccs1220\ccs\tools\compiler\ti-cgt-arm_20.2.7.LTS\lib\</path>
         <kind>archive</kind>
         <file>rtsv7M4_T_le_v4SPD16_eabi.lib</file>
         <name>strcpy.c.obj</name>
      </input_file>
      <input_file id="fl-fc">
         <path>C:\ti\ccs1220\ccs\tools\compiler\ti-cgt-arm_20.2.7.LTS\lib\</path>
         <kind>archive</kind>
         <file>rtsv7M4_T_le_v4SPD16_eabi.lib</file>
         <name>strncpy.c.obj</name>
      </input_file>
      <input_file id="fl-fd">
         <path>C:\ti\ccs1220\ccs\tools\compiler\ti-cgt-arm_20.2.7.LTS\lib\</path>
         <kind>archive</kind>
         <file>rtsv7M4_T_le_v4SPD16_eabi.lib</file>
         <name>remove.c.obj</name>
      </input_file>
      <input_file id="fl-fe">
         <path>C:\ti\ccs1220\ccs\tools\compiler\ti-cgt-arm_20.2.7.LTS\lib\</path>
         <kind>archive</kind>
         <file>rtsv7M4_T_le_v4SPD16_eabi.lib</file>
         <name>close.c.obj</name>
      </input_file>
      <input_file id="fl-ff">
         <path>C:\ti\ccs1220\ccs\tools\compiler\ti-cgt-arm_20.2.7.LTS\lib\</path>
         <kind>archive</kind>
         <file>rtsv7M4_T_le_v4SPD16_eabi.lib</file>
         <name>unlink.c.obj</name>
      </input_file>
      <input_file id="fl-100">
         <path>C:\ti\ccs1220\msp432_driverlib_3_21_00_05\msp432_driverlib_3_21_00_05\driverlib\MSP432P4xx\ccs\</path>
         <kind>archive</kind>
         <file>msp432p4xx_driverlib.lib</file>
         <name>adc14.o</name>
      </input_file>
      <input_file id="fl-101">
         <path>C:\ti\ccs1220\msp432_driverlib_3_21_00_05\msp432_driverlib_3_21_00_05\driverlib\MSP432P4xx\ccs\</path>
         <kind>archive</kind>
         <file>msp432p4xx_driverlib.lib</file>
         <name>cs.o</name>
      </input_file>
      <input_file id="fl-102">
         <path>C:\ti\ccs1220\msp432_driverlib_3_21_00_05\msp432_driverlib_3_21_00_05\driverlib\MSP432P4xx\ccs\</path>
         <kind>archive</kind>
         <file>msp432p4xx_driverlib.lib</file>
         <name>fpu.o</name>
      </input_file>
      <input_file id="fl-103">
         <path>C:\ti\ccs1220\msp432_driverlib_3_21_00_05\msp432_driverlib_3_21_00_05\driverlib\MSP432P4xx\ccs\</path>
         <kind>archive</kind>
         <file>msp432p4xx_driverlib.lib</file>
         <name>gpio.o</name>
      </input_file>
      <input_file id="fl-104">
         <path>C:\ti\ccs1220\msp432_driverlib_3_21_00_05\msp432_driverlib_3_21_00_05\driverlib\MSP432P4xx\ccs\</path>
         <kind>archive</kind>
         <file>msp432p4xx_driverlib.lib</file>
         <name>interrupt.o</name>
      </input_file>
      <input_file id="fl-105">
         <path>C:\ti\ccs1220\msp432_driverlib_3_21_00_05\msp432_driverlib_3_21_00_05\driverlib\MSP432P4xx\ccs\</path>
         <kind>archive</kind>
         <file>msp432p4xx_driverlib.lib</file>
         <name>ref_a.o</name>
      </input_file>
      <input_file id="fl-106">
         <path>C:\ti\ccs1220\msp432_driverlib_3_21_00_05\msp432_driverlib_3_21_00_05\driverlib\MSP432P4xx\ccs\</path>
         <kind>archive</kind>
         <file>msp432p4xx_driverlib.lib</file>
         <name>sysctl.o</name>
      </input_file>
      <input_file id="fl-107">
         <path>C:\ti\ccs1220\msp432_driverlib_3_21_00_05\msp432_driverlib_3_21_00_05\driverlib\MSP432P4xx\ccs\</path>
         <kind>archive</kind>
         <file>msp432p4xx_driverlib.lib</file>
         <name>timer_a.o</name>
      </input_file>
      <input_file id="fl-108">
         <path>C:\ti\ccs1220\msp432_driverlib_3_21_00_05\msp432_driverlib_3_21_00_05\driverlib\MSP432P4xx\ccs\</path>
         <kind>archive</kind>
         <file>msp432p4xx_driverlib.lib</file>
         <name>wdt_a.o</name>
      </input_file>
      <input_file id="fl-109">
         <path>C:\ti\ccs1220\msp432_driverlib_3_21_00_05\msp432_driverlib_3_21_00_05\driverlib\MSP432P4xx\ccs\</path>
         <kind>archive</kind>
         <file>msp432p4xx_driverlib.lib</file>
         <name>cpu.o</name>
      </input_file>
   </input_file_list>
   <object_component_list>
      <object_component id="oc-26">
         <name>.intvecs:retain</name>
         <load_address>0x0</load_address>
         <run_address>0x0</run_address>
         <size>0xe4</size>
         <input_file_ref idref="fl-3"/>
      </object_component>
      <object_component id="oc-25f">
         <name>.text:__TI_printfi</name>
         <load_address>0xe4</load_address>
         <run_address>0xe4</run_address>
         <size>0xa4e</size>
         <input_file_ref idref="fl-c0"/>
      </object_component>
      <object_component id="oc-340">
         <name>.text:_nop</name>
         <load_address>0xb32</load_address>
         <run_address>0xb32</run_address>
         <size>0x2</size>
         <input_file_ref idref="fl-d4"/>
      </object_component>
      <object_component id="oc-70">
         <name>.text</name>
         <load_address>0xb34</load_address>
         <run_address>0xb34</run_address>
         <size>0x358</size>
         <input_file_ref idref="fl-2"/>
      </object_component>
      <object_component id="oc-ac">
         <name>.text</name>
         <load_address>0xe8c</load_address>
         <run_address>0xe8c</run_address>
         <size>0x334</size>
         <input_file_ref idref="fl-4"/>
      </object_component>
      <object_component id="oc-31c">
         <name>.text:_pconv_a</name>
         <load_address>0x11c0</load_address>
         <run_address>0x11c0</run_address>
         <size>0x270</size>
         <input_file_ref idref="fl-c0"/>
      </object_component>
      <object_component id="oc-30a">
         <name>.text:_pconv_g</name>
         <load_address>0x1430</load_address>
         <run_address>0x1430</run_address>
         <size>0x1d0</size>
         <input_file_ref idref="fl-c0"/>
      </object_component>
      <object_component id="oc-39f">
         <name>.text</name>
         <load_address>0x1600</load_address>
         <run_address>0x1600</run_address>
         <size>0x1b6</size>
         <input_file_ref idref="fl-c5"/>
      </object_component>
      <object_component id="oc-425">
         <name>.text</name>
         <load_address>0x17b6</load_address>
         <run_address>0x17b6</run_address>
         <size>0x2</size>
         <input_file_ref idref="fl-e8"/>
      </object_component>
      <object_component id="oc-237">
         <name>.text:_getIndexForMemRegister</name>
         <load_address>0x17b8</load_address>
         <run_address>0x17b8</run_address>
         <size>0x154</size>
         <input_file_ref idref="fl-100"/>
      </object_component>
      <object_component id="oc-bf">
         <name>.text:CS_setDCOFrequency</name>
         <load_address>0x190c</load_address>
         <run_address>0x190c</run_address>
         <size>0x14c</size>
         <input_file_ref idref="fl-101"/>
      </object_component>
      <object_component id="oc-316">
         <name>.text:_pconv_e</name>
         <load_address>0x1a58</load_address>
         <run_address>0x1a58</run_address>
         <size>0x13c</size>
         <input_file_ref idref="fl-c0"/>
      </object_component>
      <object_component id="oc-166">
         <name>.text</name>
         <load_address>0x1b94</load_address>
         <run_address>0x1b94</run_address>
         <size>0x136</size>
         <input_file_ref idref="fl-c7"/>
      </object_component>
      <object_component id="oc-3b1">
         <name>.text:fcvt</name>
         <load_address>0x1ccc</load_address>
         <run_address>0x1ccc</run_address>
         <size>0x124</size>
         <input_file_ref idref="fl-c0"/>
      </object_component>
      <object_component id="oc-34e">
         <name>.text:fputs</name>
         <load_address>0x1df0</load_address>
         <run_address>0x1df0</run_address>
         <size>0x114</size>
         <input_file_ref idref="fl-c2"/>
      </object_component>
      <object_component id="oc-3c5">
         <name>.text:scalbn</name>
         <load_address>0x1f04</load_address>
         <run_address>0x1f04</run_address>
         <size>0x110</size>
         <input_file_ref idref="fl-e4"/>
      </object_component>
      <object_component id="oc-4ce">
         <name>.text:aligned_alloc</name>
         <load_address>0x2014</load_address>
         <run_address>0x2014</run_address>
         <size>0x100</size>
         <input_file_ref idref="fl-db"/>
      </object_component>
      <object_component id="oc-16b">
         <name>.text</name>
         <load_address>0x2114</load_address>
         <run_address>0x2114</run_address>
         <size>0xfc</size>
         <input_file_ref idref="fl-c8"/>
      </object_component>
      <object_component id="oc-48c">
         <name>.text:free</name>
         <load_address>0x2210</load_address>
         <run_address>0x2210</run_address>
         <size>0xe4</size>
         <input_file_ref idref="fl-db"/>
      </object_component>
      <object_component id="oc-c5">
         <name>.text:CS_initClockSignal</name>
         <load_address>0x22f4</load_address>
         <run_address>0x22f4</run_address>
         <size>0xe0</size>
         <input_file_ref idref="fl-101"/>
      </object_component>
      <object_component id="oc-45e">
         <name>.text:setvbuf</name>
         <load_address>0x23d4</load_address>
         <run_address>0x23d4</run_address>
         <size>0xdc</size>
         <input_file_ref idref="fl-c4"/>
      </object_component>
      <object_component id="oc-245">
         <name>.text:privateTimer_AProcessClockSourceDivider</name>
         <load_address>0x24b0</load_address>
         <run_address>0x24b0</run_address>
         <size>0xb2</size>
         <input_file_ref idref="fl-107"/>
      </object_component>
      <object_component id="oc-2ff">
         <name>.text:_ltostr</name>
         <load_address>0x2564</load_address>
         <run_address>0x2564</run_address>
         <size>0xb1</size>
         <input_file_ref idref="fl-c0"/>
      </object_component>
      <object_component id="oc-3a">
         <name>.text</name>
         <load_address>0x2616</load_address>
         <run_address>0x2616</run_address>
         <size>0x9c</size>
         <input_file_ref idref="fl-cd"/>
      </object_component>
      <object_component id="oc-383">
         <name>.text</name>
         <load_address>0x26b2</load_address>
         <run_address>0x26b2</run_address>
         <size>0x96</size>
         <input_file_ref idref="fl-cf"/>
      </object_component>
      <object_component id="oc-355">
         <name>.text:fputc</name>
         <load_address>0x2748</load_address>
         <run_address>0x2748</run_address>
         <size>0x8c</size>
         <input_file_ref idref="fl-c1"/>
      </object_component>
      <object_component id="oc-305">
         <name>.text:__aeabi_cdcmple</name>
         <load_address>0x27d4</load_address>
         <run_address>0x27d4</run_address>
         <size>0x86</size>
         <input_file_ref idref="fl-c6"/>
      </object_component>
      <object_component id="oc-38a">
         <name>.text:__aeabi_cdrcmple</name>
         <load_address>0x285a</load_address>
         <run_address>0x285a</run_address>
         <size>0x86</size>
         <input_file_ref idref="fl-c6"/>
      </object_component>
      <object_component id="oc-94">
         <name>.text</name>
         <load_address>0x28e0</load_address>
         <run_address>0x28e0</run_address>
         <size>0x7a</size>
         <input_file_ref idref="fl-ce"/>
      </object_component>
      <object_component id="oc-4d5">
         <name>.text:__TI_closefile</name>
         <load_address>0x295c</load_address>
         <run_address>0x295c</run_address>
         <size>0x74</size>
         <input_file_ref idref="fl-f8"/>
      </object_component>
      <object_component id="oc-516">
         <name>.text:split</name>
         <load_address>0x29d0</load_address>
         <run_address>0x29d0</run_address>
         <size>0x70</size>
         <input_file_ref idref="fl-db"/>
      </object_component>
      <object_component id="oc-3aa">
         <name>.text:_mcpy</name>
         <load_address>0x2a40</load_address>
         <run_address>0x2a40</run_address>
         <size>0x6e</size>
         <input_file_ref idref="fl-c0"/>
      </object_component>
      <object_component id="oc-170">
         <name>.text</name>
         <load_address>0x2aae</load_address>
         <run_address>0x2aae</run_address>
         <size>0x6e</size>
         <input_file_ref idref="fl-ca"/>
      </object_component>
      <object_component id="oc-101">
         <name>.text:ADC14_configureConversionMemory</name>
         <load_address>0x2b1c</load_address>
         <run_address>0x2b1c</run_address>
         <size>0x6c</size>
         <input_file_ref idref="fl-100"/>
      </object_component>
      <object_component id="oc-505">
         <name>.text:HOSTrename</name>
         <load_address>0x2b88</load_address>
         <run_address>0x2b88</run_address>
         <size>0x6c</size>
         <input_file_ref idref="fl-f1"/>
      </object_component>
      <object_component id="oc-4f9">
         <name>.text:HOSTlseek</name>
         <load_address>0x2bf4</load_address>
         <run_address>0x2bf4</run_address>
         <size>0x68</size>
         <input_file_ref idref="fl-ee"/>
      </object_component>
      <object_component id="oc-17">
         <name>.text:decompress:lzss:__TI_decompress_lzss</name>
         <load_address>0x2c5c</load_address>
         <run_address>0x2c5c</run_address>
         <size>0x68</size>
         <input_file_ref idref="fl-d2"/>
      </object_component>
      <object_component id="oc-148">
         <name>.text:printf</name>
         <load_address>0x2cc4</load_address>
         <run_address>0x2cc4</run_address>
         <size>0x68</size>
         <input_file_ref idref="fl-bf"/>
      </object_component>
      <object_component id="oc-119">
         <name>.text:Interrupt_enableInterrupt</name>
         <load_address>0x2d2c</load_address>
         <run_address>0x2d2c</run_address>
         <size>0x64</size>
         <input_file_ref idref="fl-104"/>
      </object_component>
      <object_component id="oc-3bf">
         <name>.text:frexp</name>
         <load_address>0x2d90</load_address>
         <run_address>0x2d90</run_address>
         <size>0x64</size>
         <input_file_ref idref="fl-e3"/>
      </object_component>
      <object_component id="oc-458">
         <name>.text:fseek</name>
         <load_address>0x2df4</load_address>
         <run_address>0x2df4</run_address>
         <size>0x64</size>
         <input_file_ref idref="fl-e7"/>
      </object_component>
      <object_component id="oc-3f6">
         <name>.text:__TI_wrt_ok</name>
         <load_address>0x2e58</load_address>
         <run_address>0x2e58</run_address>
         <size>0x62</size>
         <input_file_ref idref="fl-c3"/>
      </object_component>
      <object_component id="oc-4e1">
         <name>.text:HOSTopen</name>
         <load_address>0x2ebc</load_address>
         <run_address>0x2ebc</run_address>
         <size>0x60</size>
         <input_file_ref idref="fl-ef"/>
      </object_component>
      <object_component id="oc-51d">
         <name>.text:close</name>
         <load_address>0x2f1c</load_address>
         <run_address>0x2f1c</run_address>
         <size>0x5c</size>
         <input_file_ref idref="fl-fe"/>
      </object_component>
      <object_component id="oc-4ed">
         <name>.text:HOSTread</name>
         <load_address>0x2f78</load_address>
         <run_address>0x2f78</run_address>
         <size>0x58</size>
         <input_file_ref idref="fl-f0"/>
      </object_component>
      <object_component id="oc-4f3">
         <name>.text:HOSTwrite</name>
         <load_address>0x2fd0</load_address>
         <run_address>0x2fd0</run_address>
         <size>0x58</size>
         <input_file_ref idref="fl-f3"/>
      </object_component>
      <object_component id="oc-310">
         <name>.text:_pconv_f</name>
         <load_address>0x3028</load_address>
         <run_address>0x3028</run_address>
         <size>0x56</size>
         <input_file_ref idref="fl-c0"/>
      </object_component>
      <object_component id="oc-20f">
         <name>.text:CS_tuneDCOFrequency</name>
         <load_address>0x3080</load_address>
         <run_address>0x3080</run_address>
         <size>0x54</size>
         <input_file_ref idref="fl-101"/>
      </object_component>
      <object_component id="oc-394">
         <name>.text:__TI_ltoa</name>
         <load_address>0x30d4</load_address>
         <run_address>0x30d4</run_address>
         <size>0x54</size>
         <input_file_ref idref="fl-d5"/>
      </object_component>
      <object_component id="oc-3a4">
         <name>.text:_ecpy</name>
         <load_address>0x3128</load_address>
         <run_address>0x3128</run_address>
         <size>0x52</size>
         <input_file_ref idref="fl-c0"/>
      </object_component>
      <object_component id="oc-209">
         <name>.text:SysCtl_getTLVInfo</name>
         <load_address>0x317c</load_address>
         <run_address>0x317c</run_address>
         <size>0x50</size>
         <input_file_ref idref="fl-106"/>
      </object_component>
      <object_component id="oc-dd">
         <name>.text:GPIO_setAsPeripheralModuleFunctionOutputPin</name>
         <load_address>0x31cc</load_address>
         <run_address>0x31cc</run_address>
         <size>0x4c</size>
         <input_file_ref idref="fl-103"/>
      </object_component>
      <object_component id="oc-402">
         <name>.text:__TI_doflush</name>
         <load_address>0x3218</load_address>
         <run_address>0x3218</run_address>
         <size>0x4c</size>
         <input_file_ref idref="fl-e5"/>
      </object_component>
      <object_component id="oc-2f9">
         <name>.text:atoi</name>
         <load_address>0x3264</load_address>
         <run_address>0x3264</run_address>
         <size>0x4c</size>
         <input_file_ref idref="fl-d6"/>
      </object_component>
      <object_component id="oc-d7">
         <name>.text:GPIO_setAsPeripheralModuleFunctionInputPin</name>
         <load_address>0x32b0</load_address>
         <run_address>0x32b0</run_address>
         <size>0x48</size>
         <input_file_ref idref="fl-103"/>
      </object_component>
      <object_component id="oc-131">
         <name>.text:Timer_A_generatePWM</name>
         <load_address>0x32f8</load_address>
         <run_address>0x32f8</run_address>
         <size>0x48</size>
         <input_file_ref idref="fl-107"/>
      </object_component>
      <object_component id="oc-1c0">
         <name>.text:exit</name>
         <load_address>0x3340</load_address>
         <run_address>0x3340</run_address>
         <size>0x48</size>
         <input_file_ref idref="fl-d3"/>
      </object_component>
      <object_component id="oc-38f">
         <name>.text</name>
         <load_address>0x3388</load_address>
         <run_address>0x3388</run_address>
         <size>0x48</size>
         <input_file_ref idref="fl-c9"/>
      </object_component>
      <object_component id="oc-fb">
         <name>.text:ADC14_configureSingleSampleMode</name>
         <load_address>0x33d0</load_address>
         <run_address>0x33d0</run_address>
         <size>0x44</size>
         <input_file_ref idref="fl-100"/>
      </object_component>
      <object_component id="oc-4e7">
         <name>.text:HOSTclose</name>
         <load_address>0x3414</load_address>
         <run_address>0x3414</run_address>
         <size>0x44</size>
         <input_file_ref idref="fl-ed"/>
      </object_component>
      <object_component id="oc-4ff">
         <name>.text:HOSTunlink</name>
         <load_address>0x3458</load_address>
         <run_address>0x3458</run_address>
         <size>0x44</size>
         <input_file_ref idref="fl-f2"/>
      </object_component>
      <object_component id="oc-113">
         <name>.text:Timer_A_configureUpMode</name>
         <load_address>0x349c</load_address>
         <run_address>0x349c</run_address>
         <size>0x44</size>
         <input_file_ref idref="fl-107"/>
      </object_component>
      <object_component id="oc-1c6">
         <name>.text:__TI_auto_init_nobinit_nopinit:__TI_auto_init_nobinit_nopinit</name>
         <load_address>0x34e0</load_address>
         <run_address>0x34e0</run_address>
         <size>0x44</size>
         <input_file_ref idref="fl-e9"/>
      </object_component>
      <object_component id="oc-555">
         <name>.text:getdevice</name>
         <load_address>0x3524</load_address>
         <run_address>0x3524</run_address>
         <size>0x44</size>
         <input_file_ref idref="fl-f9"/>
      </object_component>
      <object_component id="oc-3b7">
         <name>.text:_fcpy</name>
         <load_address>0x3568</load_address>
         <run_address>0x3568</run_address>
         <size>0x3e</size>
         <input_file_ref idref="fl-c0"/>
      </object_component>
      <object_component id="oc-f5">
         <name>.text:ADC14_initModule</name>
         <load_address>0x35a8</load_address>
         <run_address>0x35a8</run_address>
         <size>0x38</size>
         <input_file_ref idref="fl-100"/>
      </object_component>
      <object_component id="oc-52e">
         <name>.text:__TI_writemsg</name>
         <load_address>0x35e0</load_address>
         <run_address>0x35e0</run_address>
         <size>0x38</size>
         <input_file_ref idref="fl-f4"/>
      </object_component>
      <object_component id="oc-143">
         <name>.text</name>
         <load_address>0x3618</load_address>
         <run_address>0x3618</run_address>
         <size>0x38</size>
         <input_file_ref idref="fl-cb"/>
      </object_component>
      <object_component id="oc-577">
         <name>.text:strncpy</name>
         <load_address>0x3650</load_address>
         <run_address>0x3650</run_address>
         <size>0x36</size>
         <input_file_ref idref="fl-fc"/>
      </object_component>
      <object_component id="oc-498">
         <name>.text:__TI_cleanup</name>
         <load_address>0x3688</load_address>
         <run_address>0x3688</run_address>
         <size>0x34</size>
         <input_file_ref idref="fl-e6"/>
      </object_component>
      <object_component id="oc-534">
         <name>.text:__TI_readmsg</name>
         <load_address>0x36bc</load_address>
         <run_address>0x36bc</run_address>
         <size>0x34</size>
         <input_file_ref idref="fl-f4"/>
      </object_component>
      <object_component id="oc-58">
         <name>.text:_c_int00_noargs:_c_int00_noargs</name>
         <load_address>0x36f0</load_address>
         <run_address>0x36f0</run_address>
         <size>0x34</size>
         <input_file_ref idref="fl-de"/>
      </object_component>
      <object_component id="oc-d1">
         <name>.text:GPIO_setAsInputPinWithPullUpResistor</name>
         <load_address>0x3724</load_address>
         <run_address>0x3724</run_address>
         <size>0x30</size>
         <input_file_ref idref="fl-103"/>
      </object_component>
      <object_component id="oc-57d">
         <name>.text:finddevice</name>
         <load_address>0x3754</load_address>
         <run_address>0x3754</run_address>
         <size>0x30</size>
         <input_file_ref idref="fl-f9"/>
      </object_component>
      <object_component id="oc-39a">
         <name>.text</name>
         <load_address>0x3784</load_address>
         <run_address>0x3784</run_address>
         <size>0x2e</size>
         <input_file_ref idref="fl-cc"/>
      </object_component>
      <object_component id="oc-125">
         <name>.text:ADC14_enableConversion</name>
         <load_address>0x37b4</load_address>
         <run_address>0x37b4</run_address>
         <size>0x2c</size>
         <input_file_ref idref="fl-100"/>
      </object_component>
      <object_component id="oc-523">
         <name>.text:unlink</name>
         <load_address>0x37e0</load_address>
         <run_address>0x37e0</run_address>
         <size>0x2c</size>
         <input_file_ref idref="fl-ff"/>
      </object_component>
      <object_component id="oc-10d">
         <name>.text:ADC14_enableSampleTimer</name>
         <load_address>0x380c</load_address>
         <run_address>0x380c</run_address>
         <size>0x28</size>
         <input_file_ref idref="fl-100"/>
      </object_component>
      <object_component id="oc-4c7">
         <name>.text:free_list_insert</name>
         <load_address>0x3834</load_address>
         <run_address>0x3834</run_address>
         <size>0x28</size>
         <input_file_ref idref="fl-db"/>
      </object_component>
      <object_component id="oc-484">
         <name>.text:lseek</name>
         <load_address>0x385c</load_address>
         <run_address>0x385c</run_address>
         <size>0x28</size>
         <input_file_ref idref="fl-f6"/>
      </object_component>
      <object_component id="oc-408">
         <name>.text:write</name>
         <load_address>0x3884</load_address>
         <run_address>0x3884</run_address>
         <size>0x28</size>
         <input_file_ref idref="fl-df"/>
      </object_component>
      <object_component id="oc-203">
         <name>.text:CS_setDCOCenteredFrequency</name>
         <load_address>0x38ac</load_address>
         <run_address>0x38ac</run_address>
         <size>0x24</size>
         <input_file_ref idref="fl-101"/>
      </object_component>
      <object_component id="oc-17b">
         <name>.text:GPIO_setAsOutputPin</name>
         <load_address>0x38d0</load_address>
         <run_address>0x38d0</run_address>
         <size>0x24</size>
         <input_file_ref idref="fl-103"/>
      </object_component>
      <object_component id="oc-154">
         <name>.text:ADC14_toggleConversionTrigger</name>
         <load_address>0x38f4</load_address>
         <run_address>0x38f4</run_address>
         <size>0x20</size>
         <input_file_ref idref="fl-100"/>
      </object_component>
      <object_component id="oc-3fc">
         <name>.text:memchr</name>
         <load_address>0x3914</load_address>
         <run_address>0x3914</run_address>
         <size>0x20</size>
         <input_file_ref idref="fl-da"/>
      </object_component>
      <object_component id="oc-cb">
         <name>.text:CS_setReferenceOscillatorFrequency</name>
         <load_address>0x3934</load_address>
         <run_address>0x3934</run_address>
         <size>0x1c</size>
         <input_file_ref idref="fl-101"/>
      </object_component>
      <object_component id="oc-46">
         <name>.text:decompress:ZI:__TI_zero_init_nomemset:__TI_zero_init_nomemset</name>
         <load_address>0x3950</load_address>
         <run_address>0x3950</run_address>
         <size>0x1c</size>
         <input_file_ref idref="fl-d0"/>
      </object_component>
      <object_component id="oc-4c1">
         <name>.text:free_list_remove</name>
         <load_address>0x396c</load_address>
         <run_address>0x396c</run_address>
         <size>0x1c</size>
         <input_file_ref idref="fl-db"/>
      </object_component>
      <object_component id="oc-322">
         <name>.text:memccpy</name>
         <load_address>0x3988</load_address>
         <run_address>0x3988</run_address>
         <size>0x1c</size>
         <input_file_ref idref="fl-d9"/>
      </object_component>
      <object_component id="oc-175">
         <name>.text:Timer_A_clearCaptureCompareInterrupt</name>
         <load_address>0x39a4</load_address>
         <run_address>0x39a4</run_address>
         <size>0x1a</size>
         <input_file_ref idref="fl-107"/>
      </object_component>
      <object_component id="oc-43c">
         <name>.text:copysign</name>
         <load_address>0x39be</load_address>
         <run_address>0x39be</run_address>
         <size>0x1a</size>
         <input_file_ref idref="fl-f7"/>
      </object_component>
      <object_component id="oc-160">
         <name>.text:ADC14_getResult</name>
         <load_address>0x39d8</load_address>
         <run_address>0x39d8</run_address>
         <size>0x18</size>
         <input_file_ref idref="fl-100"/>
      </object_component>
      <object_component id="oc-137">
         <name>.text:GPIO_getInputPinValue</name>
         <load_address>0x39f0</load_address>
         <run_address>0x39f0</run_address>
         <size>0x18</size>
         <input_file_ref idref="fl-103"/>
      </object_component>
      <object_component id="oc-14e">
         <name>.text:GPIO_setOutputLowOnPin</name>
         <load_address>0x3a08</load_address>
         <run_address>0x3a08</run_address>
         <size>0x18</size>
         <input_file_ref idref="fl-103"/>
      </object_component>
      <object_component id="oc-b3">
         <name>.text:WDT_A_holdTimer</name>
         <load_address>0x3a20</load_address>
         <run_address>0x3a20</run_address>
         <size>0x18</size>
         <input_file_ref idref="fl-108"/>
      </object_component>
      <object_component id="oc-594">
         <name>.text:strcmp</name>
         <load_address>0x3a38</load_address>
         <run_address>0x3a38</run_address>
         <size>0x18</size>
         <input_file_ref idref="fl-fa"/>
      </object_component>
      <object_component id="oc-3cb">
         <name>.text:strchr</name>
         <load_address>0x3a50</load_address>
         <run_address>0x3a50</run_address>
         <size>0x16</size>
         <input_file_ref idref="fl-dc"/>
      </object_component>
      <object_component id="oc-15a">
         <name>.text:ADC14_isBusy</name>
         <load_address>0x3a68</load_address>
         <run_address>0x3a68</run_address>
         <size>0x14</size>
         <input_file_ref idref="fl-100"/>
      </object_component>
      <object_component id="oc-ef">
         <name>.text:ADC14_setResolution</name>
         <load_address>0x3a7c</load_address>
         <run_address>0x3a7c</run_address>
         <size>0x14</size>
         <input_file_ref idref="fl-100"/>
      </object_component>
      <object_component id="oc-230">
         <name>.text:ADCIsConversionRunning</name>
         <load_address>0x3a90</load_address>
         <run_address>0x3a90</run_address>
         <size>0x14</size>
         <input_file_ref idref="fl-100"/>
      </object_component>
      <object_component id="oc-b9">
         <name>.text:FPU_enableModule</name>
         <load_address>0x3aa4</load_address>
         <run_address>0x3aa4</run_address>
         <size>0x14</size>
         <input_file_ref idref="fl-102"/>
      </object_component>
      <object_component id="oc-13d">
         <name>.text:GPIO_setOutputHighOnPin</name>
         <load_address>0x3ab8</load_address>
         <run_address>0x3ab8</run_address>
         <size>0x14</size>
         <input_file_ref idref="fl-103"/>
      </object_component>
      <object_component id="oc-107">
         <name>.text:REF_A_setReferenceVoltage</name>
         <load_address>0x3acc</load_address>
         <run_address>0x3acc</run_address>
         <size>0x14</size>
         <input_file_ref idref="fl-105"/>
      </object_component>
      <object_component id="oc-548">
         <name>.text:strcpy</name>
         <load_address>0x3ae0</load_address>
         <run_address>0x3ae0</run_address>
         <size>0x14</size>
         <input_file_ref idref="fl-fb"/>
      </object_component>
      <object_component id="oc-2f3">
         <name>.text:strlen</name>
         <load_address>0x3af4</load_address>
         <run_address>0x3af4</run_address>
         <size>0x14</size>
         <input_file_ref idref="fl-dd"/>
      </object_component>
      <object_component id="oc-328">
         <name>.text:wcslen</name>
         <load_address>0x3b08</load_address>
         <run_address>0x3b08</run_address>
         <size>0x12</size>
         <input_file_ref idref="fl-e2"/>
      </object_component>
      <object_component id="oc-e9">
         <name>.text:ADC14_enableModule</name>
         <load_address>0x3b1c</load_address>
         <run_address>0x3b1c</run_address>
         <size>0x10</size>
         <input_file_ref idref="fl-100"/>
      </object_component>
      <object_component id="oc-e3">
         <name>.text:Interrupt_disableMaster</name>
         <load_address>0x3b2c</load_address>
         <run_address>0x3b2c</run_address>
         <size>0x10</size>
         <input_file_ref idref="fl-104"/>
      </object_component>
      <object_component id="oc-12b">
         <name>.text:Interrupt_enableMaster</name>
         <load_address>0x3b3c</load_address>
         <run_address>0x3b3c</run_address>
         <size>0x10</size>
         <input_file_ref idref="fl-104"/>
      </object_component>
      <object_component id="oc-1d">
         <name>.text:decompress:none:__TI_decompress_none</name>
         <load_address>0x3b4c</load_address>
         <run_address>0x3b4c</run_address>
         <size>0xe</size>
         <input_file_ref idref="fl-d1"/>
      </object_component>
      <object_component id="oc-6a">
         <name>.text</name>
         <load_address>0x3b5a</load_address>
         <run_address>0x3b5a</run_address>
         <size>0xe</size>
         <input_file_ref idref="fl-3"/>
      </object_component>
      <object_component id="oc-226">
         <name>.text:CPU_cpsid</name>
         <load_address>0x3b68</load_address>
         <run_address>0x3b68</run_address>
         <size>0xc</size>
         <input_file_ref idref="fl-109"/>
      </object_component>
      <object_component id="oc-254">
         <name>.text:CPU_cpsie</name>
         <load_address>0x3b74</load_address>
         <run_address>0x3b74</run_address>
         <size>0xc</size>
         <input_file_ref idref="fl-109"/>
      </object_component>
      <object_component id="oc-11f">
         <name>.text:Timer_A_startCounter</name>
         <load_address>0x3b80</load_address>
         <run_address>0x3b80</run_address>
         <size>0x8</size>
         <input_file_ref idref="fl-107"/>
      </object_component>
      <object_component id="oc-32e">
         <name>.text:__aeabi_errno_addr</name>
         <load_address>0x3b88</load_address>
         <run_address>0x3b88</run_address>
         <size>0x8</size>
         <input_file_ref idref="fl-e1"/>
      </object_component>
      <object_component id="oc-492">
         <name>.text:malloc</name>
         <load_address>0x3b90</load_address>
         <run_address>0x3b90</run_address>
         <size>0x8</size>
         <input_file_ref idref="fl-db"/>
      </object_component>
      <object_component id="oc-271">
         <name>.text:_outc</name>
         <load_address>0x3b98</load_address>
         <run_address>0x3b98</run_address>
         <size>0x4</size>
         <input_file_ref idref="fl-bf"/>
      </object_component>
      <object_component id="oc-26b">
         <name>.text:_outs</name>
         <load_address>0x3b9c</load_address>
         <run_address>0x3b9c</run_address>
         <size>0x4</size>
         <input_file_ref idref="fl-bf"/>
      </object_component>
      <object_component id="oc-9a">
         <name>.text:_system_pre_init</name>
         <load_address>0x3ba0</load_address>
         <run_address>0x3ba0</run_address>
         <size>0x4</size>
         <input_file_ref idref="fl-ea"/>
      </object_component>
      <object_component id="oc-1ba">
         <name>.text:abort:abort</name>
         <load_address>0x3ba4</load_address>
         <run_address>0x3ba4</run_address>
         <size>0x4</size>
         <input_file_ref idref="fl-d3"/>
      </object_component>
      <object_component id="oc-37e">
         <name>.const:.string:_ctypes_</name>
         <load_address>0x3ba8</load_address>
         <run_address>0x3ba8</run_address>
         <size>0x101</size>
         <input_file_ref idref="fl-d7"/>
      </object_component>
      <object_component id="oc-23e">
         <name>.const:_ctlRegs</name>
         <load_address>0x3cac</load_address>
         <run_address>0x3cac</run_address>
         <size>0x80</size>
         <input_file_ref idref="fl-100"/>
      </object_component>
      <object_component id="oc-24d">
         <name>.const</name>
         <load_address>0x3d2c</load_address>
         <run_address>0x3d2c</run_address>
         <size>0x40</size>
         <input_file_ref idref="fl-104"/>
      </object_component>
      <object_component id="oc-181">
         <name>.const:upConfig</name>
         <load_address>0x3d6c</load_address>
         <run_address>0x3d6c</run_address>
         <size>0x18</size>
         <input_file_ref idref="fl-2"/>
      </object_component>
      <object_component id="oc-5d4">
         <name>.cinit..data.load</name>
         <load_address>0x3d88</load_address>
         <run_address>0x3d88</run_address>
         <size>0xad</size>
      </object_component>
      <object_component id="oc-5d2">
         <name>__TI_handler_table</name>
         <load_address>0x3e38</load_address>
         <run_address>0x3e38</run_address>
         <size>0xc</size>
      </object_component>
      <object_component id="oc-5d5">
         <name>.cinit..bss.load</name>
         <load_address>0x3e48</load_address>
         <run_address>0x3e48</run_address>
         <size>0x8</size>
      </object_component>
      <object_component id="oc-5d3">
         <name>__TI_cinit_table</name>
         <load_address>0x3e50</load_address>
         <run_address>0x3e50</run_address>
         <size>0x10</size>
      </object_component>
      <object_component id="oc-5a6">
         <name>.binit</name>
         <load_address>0x0</load_address>
         <run_address>0x0</run_address>
         <size>0x0</size>
      </object_component>
      <object_component id="oc-18a">
         <name>.data</name>
         <load_address>0x20000618</load_address>
         <run_address>0x20000618</run_address>
         <size>0x10</size>
         <input_file_ref idref="fl-2"/>
      </object_component>
      <object_component id="oc-184">
         <name>.data:pwmConfig1</name>
         <load_address>0x200005e8</load_address>
         <run_address>0x200005e8</run_address>
         <size>0x18</size>
         <input_file_ref idref="fl-2"/>
      </object_component>
      <object_component id="oc-187">
         <name>.data:pwmConfig2</name>
         <load_address>0x20000600</load_address>
         <run_address>0x20000600</run_address>
         <size>0x18</size>
         <input_file_ref idref="fl-2"/>
      </object_component>
      <object_component id="oc-1f8">
         <name>.data</name>
         <load_address>0x20000658</load_address>
         <run_address>0x20000658</run_address>
         <size>0x4</size>
         <input_file_ref idref="fl-4"/>
      </object_component>
      <object_component id="oc-2ab">
         <name>.data:$O1$$</name>
         <load_address>0x20000638</load_address>
         <run_address>0x20000638</run_address>
         <size>0xc</size>
         <input_file_ref idref="fl-d3"/>
      </object_component>
      <object_component id="oc-265">
         <name>.data:$O1$$</name>
         <load_address>0x20000644</load_address>
         <run_address>0x20000644</run_address>
         <size>0x8</size>
         <input_file_ref idref="fl-d4"/>
      </object_component>
      <object_component id="oc-268">
         <name>.data:_ftable</name>
         <load_address>0x20000400</load_address>
         <run_address>0x20000400</run_address>
         <size>0xf0</size>
         <input_file_ref idref="fl-d8"/>
      </object_component>
      <object_component id="oc-4db">
         <name>.data</name>
         <load_address>0x20000628</load_address>
         <run_address>0x20000628</run_address>
         <size>0x10</size>
         <input_file_ref idref="fl-d8"/>
      </object_component>
      <object_component id="oc-511">
         <name>.data:$O1$$</name>
         <load_address>0x2000064c</load_address>
         <run_address>0x2000064c</run_address>
         <size>0x8</size>
         <input_file_ref idref="fl-db"/>
      </object_component>
      <object_component id="oc-4ab">
         <name>.data:_device</name>
         <load_address>0x200004f0</load_address>
         <run_address>0x200004f0</run_address>
         <size>0x78</size>
         <input_file_ref idref="fl-e0"/>
      </object_component>
      <object_component id="oc-46a">
         <name>.data:_stream</name>
         <load_address>0x20000568</load_address>
         <run_address>0x20000568</run_address>
         <size>0x50</size>
         <input_file_ref idref="fl-e0"/>
      </object_component>
      <object_component id="oc-3db">
         <name>.data</name>
         <load_address>0x20000654</load_address>
         <run_address>0x20000654</run_address>
         <size>0x4</size>
         <input_file_ref idref="fl-e1"/>
      </object_component>
      <object_component id="oc-21f">
         <name>.data:GPIO_PORT_TO_BASE</name>
         <load_address>0x200005b8</load_address>
         <run_address>0x200005b8</run_address>
         <size>0x30</size>
         <input_file_ref idref="fl-103"/>
      </object_component>
      <object_component id="oc-55f">
         <name>.bss:_CIOBUF_</name>
         <uninitialized>true</uninitialized>
         <run_address>0x2000065c</run_address>
         <size>0x120</size>
         <input_file_ref idref="fl-f4"/>
      </object_component>
      <object_component id="oc-190">
         <name>.common:pot_v</name>
         <uninitialized>true</uninitialized>
         <run_address>0x20000828</run_address>
         <size>0x4</size>
      </object_component>
      <object_component id="oc-18d">
         <name>.common:ADC_result</name>
         <uninitialized>true</uninitialized>
         <run_address>0x20000824</run_address>
         <size>0x4</size>
      </object_component>
      <object_component id="oc-529">
         <name>.common:__TI_tmpnams</name>
         <uninitialized>true</uninitialized>
         <run_address>0x2000077c</run_address>
         <size>0xa0</size>
      </object_component>
      <object_component id="oc-53a">
         <name>.common:parmbuf</name>
         <uninitialized>true</uninitialized>
         <run_address>0x2000081c</run_address>
         <size>0x8</size>
      </object_component>
      <object_component id="oc-29">
         <name>.sysmem</name>
         <uninitialized>true</uninitialized>
         <run_address>0x20000000</run_address>
         <size>0x10</size>
         <input_file_ref idref="fl-db"/>
      </object_component>
      <object_component id="oc-5d8">
         <name>.sysmem</name>
         <uninitialized>true</uninitialized>
         <run_address>0x20000000</run_address>
         <size>0x0</size>
      </object_component>
      <object_component id="oc-2c">
         <name>.stack</name>
         <uninitialized>true</uninitialized>
         <run_address>0x2000fe00</run_address>
         <size>0x4</size>
         <input_file_ref idref="fl-de"/>
      </object_component>
      <object_component id="oc-5d7">
         <name>.stack</name>
         <uninitialized>true</uninitialized>
         <run_address>0x2000fe00</run_address>
         <size>0x0</size>
      </object_component>
      <object_component id="oc-18e">
         <name>.debug_info</name>
         <load_address>0x0</load_address>
         <run_address>0x0</run_address>
         <size>0xe36</size>
         <input_file_ref idref="fl-2"/>
      </object_component>
      <object_component id="oc-18b">
         <name>.debug_info</name>
         <load_address>0xe36</load_address>
         <run_address>0xe36</run_address>
         <size>0x1c7</size>
         <input_file_ref idref="fl-2"/>
      </object_component>
      <object_component id="oc-182">
         <name>.debug_info</name>
         <load_address>0xffd</load_address>
         <run_address>0xffd</run_address>
         <size>0x10d</size>
         <input_file_ref idref="fl-2"/>
      </object_component>
      <object_component id="oc-185">
         <name>.debug_info</name>
         <load_address>0x110a</load_address>
         <run_address>0x110a</run_address>
         <size>0x111</size>
         <input_file_ref idref="fl-2"/>
      </object_component>
      <object_component id="oc-188">
         <name>.debug_info</name>
         <load_address>0x121b</load_address>
         <run_address>0x121b</run_address>
         <size>0x111</size>
         <input_file_ref idref="fl-2"/>
      </object_component>
      <object_component id="oc-71">
         <name>.debug_info</name>
         <load_address>0x132c</load_address>
         <run_address>0x132c</run_address>
         <size>0x7e9</size>
         <input_file_ref idref="fl-2"/>
      </object_component>
      <object_component id="oc-199">
         <name>.debug_info</name>
         <load_address>0x1b15</load_address>
         <run_address>0x1b15</run_address>
         <size>0x26b</size>
         <input_file_ref idref="fl-2"/>
      </object_component>
      <object_component id="oc-29b">
         <name>.debug_info</name>
         <load_address>0x1d80</load_address>
         <run_address>0x1d80</run_address>
         <size>0x1055</size>
         <input_file_ref idref="fl-2"/>
      </object_component>
      <object_component id="oc-296">
         <name>.debug_info</name>
         <load_address>0x2dd5</load_address>
         <run_address>0x2dd5</run_address>
         <size>0x37e2</size>
         <input_file_ref idref="fl-2"/>
      </object_component>
      <object_component id="oc-28b">
         <name>.debug_info</name>
         <load_address>0x65b7</load_address>
         <run_address>0x65b7</run_address>
         <size>0x341</size>
         <input_file_ref idref="fl-2"/>
      </object_component>
      <object_component id="oc-192">
         <name>.debug_info</name>
         <load_address>0x68f8</load_address>
         <run_address>0x68f8</run_address>
         <size>0x8b</size>
         <input_file_ref idref="fl-2"/>
      </object_component>
      <object_component id="oc-2a5">
         <name>.debug_info</name>
         <load_address>0x6983</load_address>
         <run_address>0x6983</run_address>
         <size>0x2a4</size>
         <input_file_ref idref="fl-2"/>
      </object_component>
      <object_component id="oc-2a0">
         <name>.debug_info</name>
         <load_address>0x6c27</load_address>
         <run_address>0x6c27</run_address>
         <size>0xef</size>
         <input_file_ref idref="fl-2"/>
      </object_component>
      <object_component id="oc-1fc">
         <name>.debug_info</name>
         <load_address>0x6d16</load_address>
         <run_address>0x6d16</run_address>
         <size>0xbb</size>
         <input_file_ref idref="fl-2"/>
      </object_component>
      <object_component id="oc-279">
         <name>.debug_info</name>
         <load_address>0x6dd1</load_address>
         <run_address>0x6dd1</run_address>
         <size>0x2c</size>
         <input_file_ref idref="fl-2"/>
      </object_component>
      <object_component id="oc-78">
         <name>.debug_info</name>
         <load_address>0x6dfd</load_address>
         <run_address>0x6dfd</run_address>
         <size>0x304</size>
         <input_file_ref idref="fl-3"/>
      </object_component>
      <object_component id="oc-27">
         <name>.debug_info</name>
         <load_address>0x7101</load_address>
         <run_address>0x7101</run_address>
         <size>0x130</size>
         <input_file_ref idref="fl-3"/>
      </object_component>
      <object_component id="oc-6b">
         <name>.debug_info</name>
         <load_address>0x7231</load_address>
         <run_address>0x7231</run_address>
         <size>0x1f7</size>
         <input_file_ref idref="fl-3"/>
      </object_component>
      <object_component id="oc-35">
         <name>.debug_info</name>
         <load_address>0x7428</load_address>
         <run_address>0x7428</run_address>
         <size>0x84</size>
         <input_file_ref idref="fl-3"/>
      </object_component>
      <object_component id="oc-1f9">
         <name>.debug_info</name>
         <load_address>0x74ac</load_address>
         <run_address>0x74ac</run_address>
         <size>0x129</size>
         <input_file_ref idref="fl-4"/>
      </object_component>
      <object_component id="oc-ad">
         <name>.debug_info</name>
         <load_address>0x75d5</load_address>
         <run_address>0x75d5</run_address>
         <size>0x29b</size>
         <input_file_ref idref="fl-4"/>
      </object_component>
      <object_component id="oc-278">
         <name>.debug_info</name>
         <load_address>0x7870</load_address>
         <run_address>0x7870</run_address>
         <size>0x3e5</size>
         <input_file_ref idref="fl-bf"/>
      </object_component>
      <object_component id="oc-275">
         <name>.debug_info</name>
         <load_address>0x7c55</load_address>
         <run_address>0x7c55</run_address>
         <size>0x157</size>
         <input_file_ref idref="fl-bf"/>
      </object_component>
      <object_component id="oc-26c">
         <name>.debug_info</name>
         <load_address>0x7dac</load_address>
         <run_address>0x7dac</run_address>
         <size>0x166</size>
         <input_file_ref idref="fl-bf"/>
      </object_component>
      <object_component id="oc-14b">
         <name>.debug_info</name>
         <load_address>0x7f12</load_address>
         <run_address>0x7f12</run_address>
         <size>0x1ac</size>
         <input_file_ref idref="fl-bf"/>
      </object_component>
      <object_component id="oc-35e">
         <name>.debug_info</name>
         <load_address>0x80be</load_address>
         <run_address>0x80be</run_address>
         <size>0xb2</size>
         <input_file_ref idref="fl-bf"/>
      </object_component>
      <object_component id="oc-335">
         <name>.debug_info</name>
         <load_address>0x8170</load_address>
         <run_address>0x8170</run_address>
         <size>0x590</size>
         <input_file_ref idref="fl-c0"/>
      </object_component>
      <object_component id="oc-300">
         <name>.debug_info</name>
         <load_address>0x8700</load_address>
         <run_address>0x8700</run_address>
         <size>0x21e</size>
         <input_file_ref idref="fl-c0"/>
      </object_component>
      <object_component id="oc-3a5">
         <name>.debug_info</name>
         <load_address>0x891e</load_address>
         <run_address>0x891e</run_address>
         <size>0x1b3</size>
         <input_file_ref idref="fl-c0"/>
      </object_component>
      <object_component id="oc-3ab">
         <name>.debug_info</name>
         <load_address>0x8ad1</load_address>
         <run_address>0x8ad1</run_address>
         <size>0x21b</size>
         <input_file_ref idref="fl-c0"/>
      </object_component>
      <object_component id="oc-30b">
         <name>.debug_info</name>
         <load_address>0x8cec</load_address>
         <run_address>0x8cec</run_address>
         <size>0x3c0</size>
         <input_file_ref idref="fl-c0"/>
      </object_component>
      <object_component id="oc-3b2">
         <name>.debug_info</name>
         <load_address>0x90ac</load_address>
         <run_address>0x90ac</run_address>
         <size>0x30a</size>
         <input_file_ref idref="fl-c0"/>
      </object_component>
      <object_component id="oc-3b8">
         <name>.debug_info</name>
         <load_address>0x93b6</load_address>
         <run_address>0x93b6</run_address>
         <size>0x215</size>
         <input_file_ref idref="fl-c0"/>
      </object_component>
      <object_component id="oc-311">
         <name>.debug_info</name>
         <load_address>0x95cb</load_address>
         <run_address>0x95cb</run_address>
         <size>0x215</size>
         <input_file_ref idref="fl-c0"/>
      </object_component>
      <object_component id="oc-317">
         <name>.debug_info</name>
         <load_address>0x97e0</load_address>
         <run_address>0x97e0</run_address>
         <size>0x304</size>
         <input_file_ref idref="fl-c0"/>
      </object_component>
      <object_component id="oc-31e">
         <name>.debug_info</name>
         <load_address>0x9ae4</load_address>
         <run_address>0x9ae4</run_address>
         <size>0x4b5</size>
         <input_file_ref idref="fl-c0"/>
      </object_component>
      <object_component id="oc-260">
         <name>.debug_info</name>
         <load_address>0x9f99</load_address>
         <run_address>0x9f99</run_address>
         <size>0x5f4</size>
         <input_file_ref idref="fl-c0"/>
      </object_component>
      <object_component id="oc-336">
         <name>.debug_info</name>
         <load_address>0xa58d</load_address>
         <run_address>0xa58d</run_address>
         <size>0x86</size>
         <input_file_ref idref="fl-c0"/>
      </object_component>
      <object_component id="oc-3e7">
         <name>.debug_info</name>
         <load_address>0xa613</load_address>
         <run_address>0xa613</run_address>
         <size>0x39</size>
         <input_file_ref idref="fl-c0"/>
      </object_component>
      <object_component id="oc-453">
         <name>.debug_info</name>
         <load_address>0xa64c</load_address>
         <run_address>0xa64c</run_address>
         <size>0xb6</size>
         <input_file_ref idref="fl-c0"/>
      </object_component>
      <object_component id="oc-3ec">
         <name>.debug_info</name>
         <load_address>0xa702</load_address>
         <run_address>0xa702</run_address>
         <size>0x46</size>
         <input_file_ref idref="fl-c0"/>
      </object_component>
      <object_component id="oc-33b">
         <name>.debug_info</name>
         <load_address>0xa748</load_address>
         <run_address>0xa748</run_address>
         <size>0x46</size>
         <input_file_ref idref="fl-c0"/>
      </object_component>
      <object_component id="oc-3e2">
         <name>.debug_info</name>
         <load_address>0xa78e</load_address>
         <run_address>0xa78e</run_address>
         <size>0x2c</size>
         <input_file_ref idref="fl-c0"/>
      </object_component>
      <object_component id="oc-411">
         <name>.debug_info</name>
         <load_address>0xa7ba</load_address>
         <run_address>0xa7ba</run_address>
         <size>0x383</size>
         <input_file_ref idref="fl-c1"/>
      </object_component>
      <object_component id="oc-356">
         <name>.debug_info</name>
         <load_address>0xab3d</load_address>
         <run_address>0xab3d</run_address>
         <size>0x1ea</size>
         <input_file_ref idref="fl-c1"/>
      </object_component>
      <object_component id="oc-40f">
         <name>.debug_info</name>
         <load_address>0xad27</load_address>
         <run_address>0xad27</run_address>
         <size>0x3fc</size>
         <input_file_ref idref="fl-c2"/>
      </object_component>
      <object_component id="oc-350">
         <name>.debug_info</name>
         <load_address>0xb123</load_address>
         <run_address>0xb123</run_address>
         <size>0x2e2</size>
         <input_file_ref idref="fl-c2"/>
      </object_component>
      <object_component id="oc-1b1">
         <name>.debug_info</name>
         <load_address>0xb405</load_address>
         <run_address>0xb405</run_address>
         <size>0x2c</size>
         <input_file_ref idref="fl-c2"/>
      </object_component>
      <object_component id="oc-465">
         <name>.debug_info</name>
         <load_address>0xb431</load_address>
         <run_address>0xb431</run_address>
         <size>0x300</size>
         <input_file_ref idref="fl-c3"/>
      </object_component>
      <object_component id="oc-3f7">
         <name>.debug_info</name>
         <load_address>0xb731</load_address>
         <run_address>0xb731</run_address>
         <size>0x19c</size>
         <input_file_ref idref="fl-c3"/>
      </object_component>
      <object_component id="oc-4a0">
         <name>.debug_info</name>
         <load_address>0xb8cd</load_address>
         <run_address>0xb8cd</run_address>
         <size>0xbf</size>
         <input_file_ref idref="fl-c3"/>
      </object_component>
      <object_component id="oc-49f">
         <name>.debug_info</name>
         <load_address>0xb98c</load_address>
         <run_address>0xb98c</run_address>
         <size>0x374</size>
         <input_file_ref idref="fl-c4"/>
      </object_component>
      <object_component id="oc-45f">
         <name>.debug_info</name>
         <load_address>0xbd00</load_address>
         <run_address>0xbd00</run_address>
         <size>0x20b</size>
         <input_file_ref idref="fl-c4"/>
      </object_component>
      <object_component id="oc-3a0">
         <name>.debug_info</name>
         <load_address>0xbf0b</load_address>
         <run_address>0xbf0b</run_address>
         <size>0x14c</size>
         <input_file_ref idref="fl-c5"/>
      </object_component>
      <object_component id="oc-306">
         <name>.debug_info</name>
         <load_address>0xc057</load_address>
         <run_address>0xc057</run_address>
         <size>0x128</size>
         <input_file_ref idref="fl-c6"/>
      </object_component>
      <object_component id="oc-38c">
         <name>.debug_info</name>
         <load_address>0xc17f</load_address>
         <run_address>0xc17f</run_address>
         <size>0x12a</size>
         <input_file_ref idref="fl-c6"/>
      </object_component>
      <object_component id="oc-167">
         <name>.debug_info</name>
         <load_address>0xc2a9</load_address>
         <run_address>0xc2a9</run_address>
         <size>0x13a</size>
         <input_file_ref idref="fl-c7"/>
      </object_component>
      <object_component id="oc-16e">
         <name>.debug_info</name>
         <load_address>0xc3e3</load_address>
         <run_address>0xc3e3</run_address>
         <size>0x13a</size>
         <input_file_ref idref="fl-c8"/>
      </object_component>
      <object_component id="oc-390">
         <name>.debug_info</name>
         <load_address>0xc51d</load_address>
         <run_address>0xc51d</run_address>
         <size>0x12e</size>
         <input_file_ref idref="fl-c9"/>
      </object_component>
      <object_component id="oc-171">
         <name>.debug_info</name>
         <load_address>0xc64b</load_address>
         <run_address>0xc64b</run_address>
         <size>0x13e</size>
         <input_file_ref idref="fl-ca"/>
      </object_component>
      <object_component id="oc-145">
         <name>.debug_info</name>
         <load_address>0xc789</load_address>
         <run_address>0xc789</run_address>
         <size>0x12c</size>
         <input_file_ref idref="fl-cb"/>
      </object_component>
      <object_component id="oc-39d">
         <name>.debug_info</name>
         <load_address>0xc8b5</load_address>
         <run_address>0xc8b5</run_address>
         <size>0x12c</size>
         <input_file_ref idref="fl-cc"/>
      </object_component>
      <object_component id="oc-3d">
         <name>.debug_info</name>
         <load_address>0xc9e1</load_address>
         <run_address>0xc9e1</run_address>
         <size>0x119</size>
         <input_file_ref idref="fl-cd"/>
      </object_component>
      <object_component id="oc-95">
         <name>.debug_info</name>
         <load_address>0xcafa</load_address>
         <run_address>0xcafa</run_address>
         <size>0x147</size>
         <input_file_ref idref="fl-ce"/>
      </object_component>
      <object_component id="oc-384">
         <name>.debug_info</name>
         <load_address>0xcc41</load_address>
         <run_address>0xcc41</run_address>
         <size>0x134</size>
         <input_file_ref idref="fl-cf"/>
      </object_component>
      <object_component id="oc-93">
         <name>.debug_info</name>
         <load_address>0xcd75</load_address>
         <run_address>0xcd75</run_address>
         <size>0x2d4</size>
         <input_file_ref idref="fl-d0"/>
      </object_component>
      <object_component id="oc-49">
         <name>.debug_info</name>
         <load_address>0xd049</load_address>
         <run_address>0xd049</run_address>
         <size>0x1d2</size>
         <input_file_ref idref="fl-d0"/>
      </object_component>
      <object_component id="oc-8e">
         <name>.debug_info</name>
         <load_address>0xd21b</load_address>
         <run_address>0xd21b</run_address>
         <size>0x46</size>
         <input_file_ref idref="fl-d0"/>
      </object_component>
      <object_component id="oc-45">
         <name>.debug_info</name>
         <load_address>0xd261</load_address>
         <run_address>0xd261</run_address>
         <size>0x2a8</size>
         <input_file_ref idref="fl-d1"/>
      </object_component>
      <object_component id="oc-20">
         <name>.debug_info</name>
         <load_address>0xd509</load_address>
         <run_address>0xd509</run_address>
         <size>0x1ea</size>
         <input_file_ref idref="fl-d1"/>
      </object_component>
      <object_component id="oc-40">
         <name>.debug_info</name>
         <load_address>0xd6f3</load_address>
         <run_address>0xd6f3</run_address>
         <size>0x46</size>
         <input_file_ref idref="fl-d1"/>
      </object_component>
      <object_component id="oc-86">
         <name>.debug_info</name>
         <load_address>0xd739</load_address>
         <run_address>0xd739</run_address>
         <size>0x2c</size>
         <input_file_ref idref="fl-d1"/>
      </object_component>
      <object_component id="oc-84">
         <name>.debug_info</name>
         <load_address>0xd765</load_address>
         <run_address>0xd765</run_address>
         <size>0x29e</size>
         <input_file_ref idref="fl-d2"/>
      </object_component>
      <object_component id="oc-19">
         <name>.debug_info</name>
         <load_address>0xda03</load_address>
         <run_address>0xda03</run_address>
         <size>0x250</size>
         <input_file_ref idref="fl-d2"/>
      </object_component>
[...]
         <value>0x3b91</value>
         <object_component_ref idref="oc-492"/>
      </symbol>
      <symbol id="sm-574">
         <name>aligned_alloc</name>
         <value>0x2015</value>
         <object_component_ref idref="oc-4ce"/>
      </symbol>
      <symbol id="sm-584">
         <name>strchr</name>
         <value>0x3a51</value>
         <object_component_ref idref="oc-3cb"/>
      </symbol>
      <symbol id="sm-592">
         <name>strlen</name>
         <value>0x3af5</value>
         <object_component_ref idref="oc-2f3"/>
      </symbol>
      <symbol id="sm-5a5">
         <name>__stack</name>
         <value>0x2000fe00</value>
         <object_component_ref idref="oc-2c"/>
      </symbol>
      <symbol id="sm-5a6">
         <name>_c_int00_noargs</name>
         <value>0x36f1</value>
         <object_component_ref idref="oc-58"/>
      </symbol>
      <symbol id="sm-5c0">
         <name>write</name>
         <value>0x3885</value>
         <object_component_ref idref="oc-408"/>
      </symbol>
      <symbol id="sm-5d1">
         <name>_stream</name>
         <value>0x20000568</value>
         <object_component_ref idref="oc-46a"/>
      </symbol>
      <symbol id="sm-5d2">
         <name>_device</name>
         <value>0x200004f0</value>
         <object_component_ref idref="oc-4ab"/>
      </symbol>
      <symbol id="sm-5e8">
         <name>__aeabi_errno_addr</name>
         <value>0x3b89</value>
         <object_component_ref idref="oc-32e"/>
      </symbol>
      <symbol id="sm-5e9">
         <name>errno</name>
         <value>0x20000654</value>
         <object_component_ref idref="oc-3db"/>
      </symbol>
      <symbol id="sm-602">
         <name>wcslen</name>
         <value>0x3b09</value>
         <object_component_ref idref="oc-328"/>
      </symbol>
      <symbol id="sm-622">
         <name>frexpl</name>
         <value>0x2d91</value>
         <object_component_ref idref="oc-3bf"/>
      </symbol>
      <symbol id="sm-623">
         <name>frexp</name>
         <value>0x2d91</value>
         <object_component_ref idref="oc-3bf"/>
      </symbol>
      <symbol id="sm-640">
         <name>scalbn</name>
         <value>0x1f05</value>
         <object_component_ref idref="oc-3c5"/>
      </symbol>
      <symbol id="sm-641">
         <name>scalbnl</name>
         <value>0x1f05</value>
         <object_component_ref idref="oc-3c5"/>
      </symbol>
      <symbol id="sm-642">
         <name>ldexpl</name>
         <value>0x1f05</value>
         <object_component_ref idref="oc-3c5"/>
      </symbol>
      <symbol id="sm-643">
         <name>ldexp</name>
         <value>0x1f05</value>
         <object_component_ref idref="oc-3c5"/>
      </symbol>
      <symbol id="sm-653">
         <name>__TI_doflush</name>
         <value>0x3219</value>
         <object_component_ref idref="oc-402"/>
      </symbol>
      <symbol id="sm-663">
         <name>__TI_cleanup</name>
         <value>0x3689</value>
         <object_component_ref idref="oc-498"/>
      </symbol>
      <symbol id="sm-675">
         <name>fseek</name>
         <value>0x2df5</value>
         <object_component_ref idref="oc-458"/>
      </symbol>
      <symbol id="sm-67f">
         <name>__aeabi_idiv0</name>
         <value>0x17b7</value>
         <object_component_ref idref="oc-425"/>
      </symbol>
      <symbol id="sm-680">
         <name>__aeabi_ldiv0</name>
         <value>0x17b7</value>
         <object_component_ref idref="oc-425"/>
      </symbol>
      <symbol id="sm-6a8">
         <name>__TI_auto_init_nobinit_nopinit</name>
         <value>0x34e1</value>
         <object_component_ref idref="oc-1c6"/>
      </symbol>
      <symbol id="sm-6b2">
         <name>_system_pre_init</name>
         <value>0x3ba1</value>
         <object_component_ref idref="oc-9a"/>
      </symbol>
      <symbol id="sm-6c5">
         <name>HOSTclose</name>
         <value>0x3415</value>
         <object_component_ref idref="oc-4e7"/>
      </symbol>
      <symbol id="sm-6d6">
         <name>HOSTlseek</name>
         <value>0x2bf5</value>
         <object_component_ref idref="oc-4f9"/>
      </symbol>
      <symbol id="sm-6e8">
         <name>parmbuf</name>
         <value>0x2000081c</value>
      </symbol>
      <symbol id="sm-6e9">
         <name>HOSTopen</name>
         <value>0x2ebd</value>
         <object_component_ref idref="oc-4e1"/>
      </symbol>
      <symbol id="sm-6fa">
         <name>HOSTread</name>
         <value>0x2f79</value>
         <object_component_ref idref="oc-4ed"/>
      </symbol>
      <symbol id="sm-70b">
         <name>HOSTrename</name>
         <value>0x2b89</value>
         <object_component_ref idref="oc-505"/>
      </symbol>
      <symbol id="sm-71c">
         <name>HOSTunlink</name>
         <value>0x3459</value>
         <object_component_ref idref="oc-4ff"/>
      </symbol>
      <symbol id="sm-72d">
         <name>HOSTwrite</name>
         <value>0x2fd1</value>
         <object_component_ref idref="oc-4f3"/>
      </symbol>
      <symbol id="sm-751">
         <name>__TI_readmsg</name>
         <value>0x36bd</value>
         <object_component_ref idref="oc-534"/>
      </symbol>
      <symbol id="sm-752">
         <name>C$$IO$$</name>
         <value>0x360f</value>
         <object_component_ref idref="oc-52e"/>
      </symbol>
      <symbol id="sm-753">
         <name>__CIOBUF_</name>
         <value>0x2000065c</value>
         <object_component_ref idref="oc-55f"/>
      </symbol>
      <symbol id="sm-754">
         <name>__TI_writemsg</name>
         <value>0x35e1</value>
         <object_component_ref idref="oc-52e"/>
      </symbol>
      <symbol id="sm-765">
         <name>lseek</name>
         <value>0x385d</value>
         <object_component_ref idref="oc-484"/>
      </symbol>
      <symbol id="sm-76f">
         <name>copysign</name>
         <value>0x39bf</value>
         <object_component_ref idref="oc-43c"/>
      </symbol>
      <symbol id="sm-770">
         <name>copysignl</name>
         <value>0x39bf</value>
         <object_component_ref idref="oc-43c"/>
      </symbol>
      <symbol id="sm-785">
         <name>__TI_closefile</name>
         <value>0x295d</value>
         <object_component_ref idref="oc-4d5"/>
      </symbol>
      <symbol id="sm-7a8">
         <name>finddevice</name>
         <value>0x3755</value>
         <object_component_ref idref="oc-57d"/>
      </symbol>
      <symbol id="sm-7a9">
         <name>getdevice</name>
         <value>0x3525</value>
         <object_component_ref idref="oc-555"/>
      </symbol>
      <symbol id="sm-7b8">
         <name>strcmp</name>
         <value>0x3a39</value>
         <object_component_ref idref="oc-594"/>
      </symbol>
      <symbol id="sm-7c6">
         <name>strcpy</name>
         <value>0x3ae1</value>
         <object_component_ref idref="oc-548"/>
      </symbol>
      <symbol id="sm-7d6">
         <name>strncpy</name>
         <value>0x3651</value>
         <object_component_ref idref="oc-577"/>
      </symbol>
      <symbol id="sm-7eb">
         <name>close</name>
         <value>0x2f1d</value>
         <object_component_ref idref="oc-51d"/>
      </symbol>
      <symbol id="sm-7fb">
         <name>unlink</name>
         <value>0x37e1</value>
         <object_component_ref idref="oc-523"/>
      </symbol>
      <symbol id="sm-8c3">
         <name>ADC14_configureSingleSampleMode</name>
         <value>0x33d1</value>
         <object_component_ref idref="oc-fb"/>
      </symbol>
      <symbol id="sm-8c4">
         <name>ADC14_enableSampleTimer</name>
         <value>0x380d</value>
         <object_component_ref idref="oc-10d"/>
      </symbol>
      <symbol id="sm-8c5">
         <name>ADC14_enableConversion</name>
         <value>0x37b5</value>
         <object_component_ref idref="oc-125"/>
      </symbol>
      <symbol id="sm-8c6">
         <name>ADC14_setResolution</name>
         <value>0x3a7d</value>
         <object_component_ref idref="oc-ef"/>
      </symbol>
      <symbol id="sm-8c7">
         <name>ADC14_toggleConversionTrigger</name>
         <value>0x38f5</value>
         <object_component_ref idref="oc-154"/>
      </symbol>
      <symbol id="sm-8c8">
         <name>ADC14_isBusy</name>
         <value>0x3a69</value>
         <object_component_ref idref="oc-15a"/>
      </symbol>
      <symbol id="sm-8c9">
         <name>ADC14_initModule</name>
         <value>0x35a9</value>
         <object_component_ref idref="oc-f5"/>
      </symbol>
      <symbol id="sm-8ca">
         <name>ADC14_configureConversionMemory</name>
         <value>0x2b1d</value>
         <object_component_ref idref="oc-101"/>
      </symbol>
      <symbol id="sm-8cb">
         <name>ADC14_enableModule</name>
         <value>0x3b1d</value>
         <object_component_ref idref="oc-e9"/>
      </symbol>
      <symbol id="sm-8cc">
         <name>ADC14_getResult</name>
         <value>0x39d9</value>
         <object_component_ref idref="oc-160"/>
      </symbol>
      <symbol id="sm-93b">
         <name>CS_setDCOFrequency</name>
         <value>0x190d</value>
         <object_component_ref idref="oc-bf"/>
      </symbol>
      <symbol id="sm-93c">
         <name>CS_setDCOCenteredFrequency</name>
         <value>0x38ad</value>
         <object_component_ref idref="oc-203"/>
      </symbol>
      <symbol id="sm-93d">
         <name>CS_setReferenceOscillatorFrequency</name>
         <value>0x3935</value>
         <object_component_ref idref="oc-cb"/>
      </symbol>
      <symbol id="sm-93e">
         <name>CS_tuneDCOFrequency</name>
         <value>0x3081</value>
         <object_component_ref idref="oc-20f"/>
      </symbol>
      <symbol id="sm-93f">
         <name>CS_initClockSignal</name>
         <value>0x22f5</value>
         <object_component_ref idref="oc-c5"/>
      </symbol>
      <symbol id="sm-94b">
         <name>FPU_enableModule</name>
         <value>0x3aa5</value>
         <object_component_ref idref="oc-b9"/>
      </symbol>
      <symbol id="sm-9a7">
         <name>GPIO_setOutputHighOnPin</name>
         <value>0x3ab9</value>
         <object_component_ref idref="oc-13d"/>
      </symbol>
      <symbol id="sm-9a8">
         <name>GPIO_setAsInputPinWithPullUpResistor</name>
         <value>0x3725</value>
         <object_component_ref idref="oc-d1"/>
      </symbol>
      <symbol id="sm-9a9">
         <name>GPIO_setAsOutputPin</name>
         <value>0x38d1</value>
         <object_component_ref idref="oc-17b"/>
      </symbol>
      <symbol id="sm-9aa">
         <name>GPIO_setOutputLowOnPin</name>
         <value>0x3a09</value>
         <object_component_ref idref="oc-14e"/>
      </symbol>
      <symbol id="sm-9ab">
         <name>GPIO_setAsPeripheralModuleFunctionOutputPin</name>
         <value>0x31cd</value>
         <object_component_ref idref="oc-dd"/>
      </symbol>
      <symbol id="sm-9ac">
         <name>GPIO_getInputPinValue</name>
         <value>0x39f1</value>
         <object_component_ref idref="oc-137"/>
      </symbol>
      <symbol id="sm-9ad">
         <name>GPIO_setAsPeripheralModuleFunctionInputPin</name>
         <value>0x32b1</value>
         <object_component_ref idref="oc-d7"/>
      </symbol>
      <symbol id="sm-9e6">
         <name>Interrupt_disableMaster</name>
         <value>0x3b2d</value>
         <object_component_ref idref="oc-e3"/>
      </symbol>
      <symbol id="sm-9e7">
         <name>Interrupt_enableMaster</name>
         <value>0x3b3d</value>
         <object_component_ref idref="oc-12b"/>
      </symbol>
      <symbol id="sm-9e8">
         <name>Interrupt_enableInterrupt</name>
         <value>0x2d2d</value>
         <object_component_ref idref="oc-119"/>
      </symbol>
      <symbol id="sm-9f7">
         <name>REF_A_setReferenceVoltage</name>
         <value>0x3acd</value>
         <object_component_ref idref="oc-107"/>
      </symbol>
      <symbol id="sm-a0c">
         <name>SysCtl_getTLVInfo</name>
         <value>0x317d</value>
         <object_component_ref idref="oc-209"/>
      </symbol>
      <symbol id="sm-a4d">
         <name>Timer_A_clearCaptureCompareInterrupt</name>
         <value>0x39a5</value>
         <object_component_ref idref="oc-175"/>
      </symbol>
      <symbol id="sm-a4e">
         <name>Timer_A_generatePWM</name>
         <value>0x32f9</value>
         <object_component_ref idref="oc-131"/>
      </symbol>
      <symbol id="sm-a4f">
         <name>Timer_A_startCounter</name>
         <value>0x3b81</value>
         <object_component_ref idref="oc-11f"/>
      </symbol>
      <symbol id="sm-a50">
         <name>Timer_A_configureUpMode</name>
         <value>0x349d</value>
         <object_component_ref idref="oc-113"/>
      </symbol>
      <symbol id="sm-a5c">
         <name>WDT_A_holdTimer</name>
         <value>0x3a21</value>
         <object_component_ref idref="oc-b3"/>
      </symbol>
      <symbol id="sm-a6e">
         <name>CPU_cpsie</name>
         <value>0x3b75</value>
         <object_component_ref idref="oc-254"/>
      </symbol>
      <symbol id="sm-a6f">
         <name>CPU_cpsid</name>
         <value>0x3b69</value>
         <object_component_ref idref="oc-226"/>
      </symbol>
      <symbol id="sm-a70">
         <name>__TI_static_base__</name>
         <value>0x0</value>
      </symbol>
      <symbol id="sm-a73">
         <name>__mpu_init</name>
         <value>0x0</value>
      </symbol>
      <symbol id="sm-a74">
         <name>_system_post_cinit</name>
         <value>0x0</value>
      </symbol>
      <symbol id="sm-a75">
         <name>NMI_Handler</name>
         <value>0x3b67</value>
      </symbol>
      <symbol id="sm-a76">
         <name>HardFault_Handler</name>
         <value>0x3b67</value>
      </symbol>
      <symbol id="sm-a77">
         <name>MemManage_Handler</name>
         <value>0x3b67</value>
      </symbol>
      <symbol id="sm-a78">
         <name>BusFault_Handler</name>
         <value>0x3b67</value>
      </symbol>
      <symbol id="sm-a79">
         <name>UsageFault_Handler</name>
         <value>0x3b67</value>
      </symbol>
      <symbol id="sm-a7a">
         <name>SVC_Handler</name>
         <value>0x3b67</value>
      </symbol>
      <symbol id="sm-a7b">
         <name>DebugMon_Handler</name>
         <value>0x3b67</value>
      </symbol>
      <symbol id="sm-a7c">
         <name>PendSV_Handler</name>
         <value>0x3b67</value>
      </symbol>
      <symbol id="sm-a7d">
         <name>SysTick_Handler</name>
         <value>0x3b67</value>
      </symbol>
      <symbol id="sm-a7e">
         <name>PSS_IRQHandler</name>
         <value>0x3b67</value>
      </symbol>
      <symbol id="sm-a7f">
         <name>CS_IRQHandler</name>
         <value>0x3b67</value>
      </symbol>
      <symbol id="sm-a80">
         <name>PCM_IRQHandler</name>
         <value>0x3b67</value>
      </symbol>
      <symbol id="sm-a81">
         <name>WDT_A_IRQHandler</name>
         <value>0x3b67</value>
      </symbol>
      <symbol id="sm-a82">
         <name>FPU_IRQHandler</name>
         <value>0x3b67</value>
      </symbol>
      <symbol id="sm-a83">
         <name>FLCTL_IRQHandler</name>
         <value>0x3b67</value>
      </symbol>
      <symbol id="sm-a84">
         <name>COMP_E0_IRQHandler</name>
         <value>0x3b67</value>
      </symbol>
      <symbol id="sm-a85">
         <name>COMP_E1_IRQHandler</name>
         <value>0x3b67</value>
      </symbol>
      <symbol id="sm-a86">
         <name>TA0_0_IRQHandler</name>
         <value>0x3b67</value>
      </symbol>
      <symbol id="sm-a87">
         <name>TA0_N_IRQHandler</name>
         <value>0x3b67</value>
      </symbol>
      <symbol id="sm-a88">
         <name>TA1_0_IRQHandler</name>
         <value>0xd85</value>
      </symbol>
      <symbol id="sm-a89">
         <name>TA1_N_IRQHandler</name>
         <value>0x3b67</value>
      </symbol>
      <symbol id="sm-a8a">
         <name>TA2_0_IRQHandler</name>
         <value>0x3b67</value>
      </symbol>
      <symbol id="sm-a8b">
         <name>TA2_N_IRQHandler</name>
         <value>0x3b67</value>
      </symbol>
      <symbol id="sm-a8c">
         <name>TA3_0_IRQHandler</name>
         <value>0x3b67</value>
      </symbol>
      <symbol id="sm-a8d">
         <name>TA3_N_IRQHandler</name>
         <value>0x3b67</value>
      </symbol>
      <symbol id="sm-a8e">
         <name>EUSCIA0_IRQHandler</name>
         <value>0x3b67</value>
      </symbol>
      <symbol id="sm-a8f">
         <name>EUSCIA1_IRQHandler</name>
         <value>0x3b67</value>
      </symbol>
      <symbol id="sm-a90">
         <name>EUSCIA2_IRQHandler</name>
         <value>0x3b67</value>
      </symbol>
      <symbol id="sm-a91">
         <name>EUSCIA3_IRQHandler</name>
         <value>0x3b67</value>
      </symbol>
      <symbol id="sm-a92">
         <name>EUSCIB0_IRQHandler</name>
         <value>0x3b67</value>
      </symbol>
      <symbol id="sm-a93">
         <name>EUSCIB1_IRQHandler</name>
         <value>0x3b67</value>
      </symbol>
      <symbol id="sm-a94">
         <name>EUSCIB2_IRQHandler</name>
         <value>0x3b67</value>
      </symbol>
      <symbol id="sm-a95">
         <name>EUSCIB3_IRQHandler</name>
         <value>0x3b67</value>
      </symbol>
      <symbol id="sm-a96">
         <name>ADC14_IRQHandler</name>
         <value>0x3b67</value>
      </symbol>
      <symbol id="sm-a97">
         <name>T32_INT1_IRQHandler</name>
         <value>0x3b67</value>
      </symbol>
      <symbol id="sm-a98">
         <name>T32_INT2_IRQHandler</name>
         <value>0x3b67</value>
      </symbol>
      <symbol id="sm-a99">
         <name>T32_INTC_IRQHandler</name>
         <value>0x3b67</value>
      </symbol>
      <symbol id="sm-a9a">
         <name>AES256_IRQHandler</name>
         <value>0x3b67</value>
      </symbol>
      <symbol id="sm-a9b">
         <name>RTC_C_IRQHandler</name>
         <value>0x3b67</value>
      </symbol>
      <symbol id="sm-a9c">
         <name>DMA_ERR_IRQHandler</name>
         <value>0x3b67</value>
      </symbol>
      <symbol id="sm-a9d">
         <name>DMA_INT3_IRQHandler</name>
         <value>0x3b67</value>
      </symbol>
      <symbol id="sm-a9e">
         <name>DMA_INT2_IRQHandler</name>
         <value>0x3b67</value>
      </symbol>
      <symbol id="sm-a9f">
         <name>DMA_INT1_IRQHandler</name>
         <value>0x3b67</value>
      </symbol>
      <symbol id="sm-aa0">
         <name>DMA_INT0_IRQHandler</name>
         <value>0x3b67</value>
      </symbol>
      <symbol id="sm-aa1">
         <name>PORT1_IRQHandler</name>
         <value>0x3b67</value>
      </symbol>
      <symbol id="sm-aa2">
         <name>PORT2_IRQHandler</name>
         <value>0x3b67</value>
      </symbol>
      <symbol id="sm-aa3">
         <name>PORT3_IRQHandler</name>
         <value>0x3b67</value>
      </symbol>
      <symbol id="sm-aa4">
         <name>PORT4_IRQHandler</name>
         <value>0x3b67</value>
      </symbol>
      <symbol id="sm-aa5">
         <name>PORT5_IRQHandler</name>
         <value>0x3b67</value>
      </symbol>
      <symbol id="sm-aa6">
         <name>PORT6_IRQHandler</name>
         <value>0x3b67</value>
      </symbol>
      <symbol id="sm-aa7">
         <name>remove</name>
         <value>0x37e1</value>
      </symbol>
   </symbol_table>
   <title>Link successful</title>
</link_info>
