******************************************************************************
                  TI ARM Linker PC v20.2.7                     
******************************************************************************
>> Linked Sun Jun  4 18:27:03 2023

OUTPUT FILE NAME:   <Lab_8_Taylor_Jackie2.out>
ENTRY POINT SYMBOL: "_c_int00_noargs"  address: 000036f1


MEMORY CONFIGURATION

         name            origin    length      used     unused   attr    fill
----------------------  --------  ---------  --------  --------  ----  --------
  MAIN                  00000000   00040000  00003e5c  0003c1a4  R  X
  INFO                  00200000   00004000  00000000  00004000  R  X
  SRAM_CODE             01000000   00010000  00000a2c  0000f5d4  RW X
  SRAM_DATA             20000000   00010000  00000a2c  0000f5d4  RW  


SEGMENT ALLOCATION MAP

run origin  load origin   length   init length attrs members
----------  ----------- ---------- ----------- ----- -------
00000000    00000000    00003e60   00003e60    r-x
  00000000    00000000    000000e4   000000e4    r-- .intvecs
  000000e4    000000e4    00003ac4   00003ac4    r-x .text
  00003ba8    00003ba8    000001dc   000001dc    r-- .const
  00003d88    00003d88    000000d8   000000d8    r-- .cinit
20000000    20000000    0000082c   00000000    rw-
  20000000    20000000    00000400   00000000    rw- .sysmem
  20000400    20000400    0000025c   00000000    rw- .data
  2000065c    2000065c    000001d0   00000000    rw- .bss
2000fe00    2000fe00    00000200   00000000    rw-
  2000fe00    2000fe00    00000200   00000000    rw- .stack


SECTION ALLOCATION MAP

 output                                  attributes/
section   page    origin      length       input sections
--------  ----  ----------  ----------   ----------------
.intvecs   0    00000000    000000e4     
                  00000000    000000e4     startup_msp432p401r_ccs.obj (.intvecs:retain)

.text      0    000000e4    00003ac4     
                  000000e4    00000a4e     rtsv7M4_T_le_v4SPD16_eabi.lib : _printfi.c.obj (.text:__TI_printfi)
                  00000b32    00000002                                   : _lock.c.obj (.text:_nop)
                  00000b34    00000358     main.obj (.text)
                  00000e8c    00000334     system_msp432p401r.obj (.text)
                  000011c0    00000270     rtsv7M4_T_le_v4SPD16_eabi.lib : _printfi.c.obj (.text:_pconv_a)
                  00001430    000001d0                                   : _printfi.c.obj (.text:_pconv_g)
                  00001600    000001b6                                   : fd_add_t2.asm.obj (.text)
                  000017b6    00000002                                   : div0.asm.obj (.text)
                  000017b8    00000154     msp432p4xx_driverlib.lib : adc14.o (.text:_getIndexForMemRegister)
                  0000190c    0000014c                              : cs.o (.text:CS_setDCOFrequency)
                  00001a58    0000013c     rtsv7M4_T_le_v4SPD16_eabi.lib : _printfi.c.obj (.text:_pconv_e)
                  00001b94    00000136                                   : fd_div_t2.asm.obj (.text)
                  00001cca    00000002     --HOLE-- [fill = 0]
                  00001ccc    00000124                                   : _printfi.c.obj (.text:fcvt)
                  00001df0    00000114                                   : fputs.c.obj (.text:fputs)
                  00001f04    00000110                                   : s_scalbn.c.obj (.text:scalbn)
                  00002014    00000100                                   : memory.c.obj (.text:aligned_alloc)
                  00002114    000000fc                                   : fd_mul_t2.asm.obj (.text)
                  00002210    000000e4                                   : memory.c.obj (.text:free)
                  000022f4    000000e0     msp432p4xx_driverlib.lib : cs.o (.text:CS_initClockSignal)
                  000023d4    000000dc     rtsv7M4_T_le_v4SPD16_eabi.lib : setvbuf.c.obj (.text:setvbuf)
                  000024b0    000000b2     msp432p4xx_driverlib.lib : timer_a.o (.text:privateTimer_AProcessClockSourceDivider)
                  00002562    00000002     --HOLE-- [fill = 0]
                  00002564    000000b1     rtsv7M4_T_le_v4SPD16_eabi.lib : _printfi.c.obj (.text:_ltostr)
                  00002615    00000001     --HOLE-- [fill = 0]
                  00002616    0000009c                                   : memcpy_t2.asm.obj (.text)
                  000026b2    00000096                                   : ull_div_t2.asm.obj (.text)
                  00002748    0000008c                                   : fputc.c.obj (.text:fputc)
                  000027d4    00000086                                   : fd_cmp_t2.asm.obj (.text:__aeabi_cdcmple)
                  0000285a    00000086                                   : fd_cmp_t2.asm.obj (.text:__aeabi_cdrcmple)
                  000028e0    0000007a                                   : memset_t2.asm.obj (.text)
                  0000295a    00000002     --HOLE-- [fill = 0]
                  0000295c    00000074                                   : fclose.c.obj (.text:__TI_closefile)
                  000029d0    00000070                                   : memory.c.obj (.text:split)
                  00002a40    0000006e                                   : _printfi.c.obj (.text:_mcpy)
                  00002aae    0000006e                                   : fd_tos_t2.asm.obj (.text)
                  00002b1c    0000006c     msp432p4xx_driverlib.lib : adc14.o (.text:ADC14_configureConversionMemory)
                  00002b88    0000006c     rtsv7M4_T_le_v4SPD16_eabi.lib : hostrename.c.obj (.text:HOSTrename)
                  00002bf4    00000068                                   : hostlseek.c.obj (.text:HOSTlseek)
                  00002c5c    00000068                                   : copy_decompress_lzss.c.obj (.text:decompress:lzss:__TI_decompress_lzss)
                  00002cc4    00000068                                   : printf.c.obj (.text:printf)
                  00002d2c    00000064     msp432p4xx_driverlib.lib : interrupt.o (.text:Interrupt_enableInterrupt)
                  00002d90    00000064     rtsv7M4_T_le_v4SPD16_eabi.lib : s_frexp.c.obj (.text:frexp)
                  00002df4    00000064                                   : fseek.c.obj (.text:fseek)
                  00002e58    00000062                                   : _io_perm.c.obj (.text:__TI_wrt_ok)
                  00002eba    00000002     --HOLE-- [fill = 0]
                  00002ebc    00000060                                   : hostopen.c.obj (.text:HOSTopen)
                  00002f1c    0000005c                                   : close.c.obj (.text:close)
                  00002f78    00000058                                   : hostread.c.obj (.text:HOSTread)
                  00002fd0    00000058                                   : hostwrite.c.obj (.text:HOSTwrite)
                  00003028    00000056                                   : _printfi.c.obj (.text:_pconv_f)
                  0000307e    00000002     --HOLE-- [fill = 0]
                  00003080    00000054     msp432p4xx_driverlib.lib : cs.o (.text:CS_tuneDCOFrequency)
                  000030d4    00000054     rtsv7M4_T_le_v4SPD16_eabi.lib : _ltoa.c.obj (.text:__TI_ltoa)
                  00003128    00000052                                   : _printfi.c.obj (.text:_ecpy)
                  0000317a    00000002     --HOLE-- [fill = 0]
                  0000317c    00000050     msp432p4xx_driverlib.lib : sysctl.o (.text:SysCtl_getTLVInfo)
                  000031cc    0000004c                              : gpio.o (.text:GPIO_setAsPeripheralModuleFunctionOutputPin)
                  00003218    0000004c     rtsv7M4_T_le_v4SPD16_eabi.lib : fflush.c.obj (.text:__TI_doflush)
                  00003264    0000004c                                   : atoi.c.obj (.text:atoi)
                  000032b0    00000048     msp432p4xx_driverlib.lib : gpio.o (.text:GPIO_setAsPeripheralModuleFunctionInputPin)
                  000032f8    00000048                              : timer_a.o (.text:Timer_A_generatePWM)
                  00003340    00000048     rtsv7M4_T_le_v4SPD16_eabi.lib : exit.c.obj (.text:exit)
                  00003388    00000048                                   : fd_toi_t2.asm.obj (.text)
                  000033d0    00000044     msp432p4xx_driverlib.lib : adc14.o (.text:ADC14_configureSingleSampleMode)
                  00003414    00000044     rtsv7M4_T_le_v4SPD16_eabi.lib : hostclose.c.obj (.text:HOSTclose)
                  00003458    00000044                                   : hostunlink.c.obj (.text:HOSTunlink)
                  0000349c    00000044     msp432p4xx_driverlib.lib : timer_a.o (.text:Timer_A_configureUpMode)
                  000034e0    00000044     rtsv7M4_T_le_v4SPD16_eabi.lib : autoinit.c.obj (.text:__TI_auto_init_nobinit_nopinit:__TI_auto_init_nobinit_nopinit)
                  00003524    00000044                                   : getdevice.c.obj (.text:getdevice)
                  00003568    0000003e                                   : _printfi.c.obj (.text:_fcpy)
                  000035a6    00000002     --HOLE-- [fill = 0]
                  000035a8    00000038     msp432p4xx_driverlib.lib : adc14.o (.text:ADC14_initModule)
                  000035e0    00000038     rtsv7M4_T_le_v4SPD16_eabi.lib : trgmsg.c.obj (.text:__TI_writemsg)
                  00003618    00000038                                   : fs_tod_t2.asm.obj (.text)
                  00003650    00000036                                   : strncpy.c.obj (.text:strncpy)
                  00003686    00000002     --HOLE-- [fill = 0]
                  00003688    00000034                                   : fopen.c.obj (.text:__TI_cleanup)
                  000036bc    00000034                                   : trgmsg.c.obj (.text:__TI_readmsg)
                  000036f0    00000034                                   : boot_cortex_m.c.obj (.text:_c_int00_noargs:_c_int00_noargs)
                  00003724    00000030     msp432p4xx_driverlib.lib : gpio.o (.text:GPIO_setAsInputPinWithPullUpResistor)
                  00003754    00000030     rtsv7M4_T_le_v4SPD16_eabi.lib : getdevice.c.obj (.text:finddevice)
                  00003784    0000002e                                   : i_tofd_t2.asm.obj (.text)
                  000037b2    00000002     --HOLE-- [fill = 0]
                  000037b4    0000002c     msp432p4xx_driverlib.lib : adc14.o (.text:ADC14_enableConversion)
                  000037e0    0000002c     rtsv7M4_T_le_v4SPD16_eabi.lib : unlink.c.obj (.text:unlink)
                  0000380c    00000028     msp432p4xx_driverlib.lib : adc14.o (.text:ADC14_enableSampleTimer)
                  00003834    00000028     rtsv7M4_T_le_v4SPD16_eabi.lib : memory.c.obj (.text:free_list_insert)
                  0000385c    00000028                                   : lseek.c.obj (.text:lseek)
                  00003884    00000028                                   : write.c.obj (.text:write)
                  000038ac    00000024     msp432p4xx_driverlib.lib : cs.o (.text:CS_setDCOCenteredFrequency)
                  000038d0    00000024                              : gpio.o (.text:GPIO_setAsOutputPin)
                  000038f4    00000020                              : adc14.o (.text:ADC14_toggleConversionTrigger)
                  00003914    00000020     rtsv7M4_T_le_v4SPD16_eabi.lib : memchr.c.obj (.text:memchr)
                  00003934    0000001c     msp432p4xx_driverlib.lib : cs.o (.text:CS_setReferenceOscillatorFrequency)
                  00003950    0000001c     rtsv7M4_T_le_v4SPD16_eabi.lib : copy_zero_init.c.obj (.text:decompress:ZI:__TI_zero_init_nomemset:__TI_zero_init_nomemset)
                  0000396c    0000001c                                   : memory.c.obj (.text:free_list_remove)
                  00003988    0000001c                                   : memccpy.c.obj (.text:memccpy)
                  000039a4    0000001a     msp432p4xx_driverlib.lib : timer_a.o (.text:Timer_A_clearCaptureCompareInterrupt)
                  000039be    0000001a     rtsv7M4_T_le_v4SPD16_eabi.lib : s_copysign.c.obj (.text:copysign)
                  000039d8    00000018     msp432p4xx_driverlib.lib : adc14.o (.text:ADC14_getResult)
                  000039f0    00000018                              : gpio.o (.text:GPIO_getInputPinValue)
                  00003a08    00000018                              : gpio.o (.text:GPIO_setOutputLowOnPin)
                  00003a20    00000018                              : wdt_a.o (.text:WDT_A_holdTimer)
                  00003a38    00000018     rtsv7M4_T_le_v4SPD16_eabi.lib : strcmp.c.obj (.text:strcmp)
                  00003a50    00000016                                   : strchr.c.obj (.text:strchr)
                  00003a66    00000002     --HOLE-- [fill = 0]
                  00003a68    00000014     msp432p4xx_driverlib.lib : adc14.o (.text:ADC14_isBusy)
                  00003a7c    00000014                              : adc14.o (.text:ADC14_setResolution)
                  00003a90    00000014                              : adc14.o (.text:ADCIsConversionRunning)
                  00003aa4    00000014                              : fpu.o (.text:FPU_enableModule)
                  00003ab8    00000014                              : gpio.o (.text:GPIO_setOutputHighOnPin)
                  00003acc    00000014                              : ref_a.o (.text:REF_A_setReferenceVoltage)
                  00003ae0    00000014     rtsv7M4_T_le_v4SPD16_eabi.lib : strcpy.c.obj (.text:strcpy)
                  00003af4    00000014                                   : strlen.c.obj (.text:strlen)
                  00003b08    00000012                                   : wcslen.c.obj (.text:wcslen)
                  00003b1a    00000002     --HOLE-- [fill = 0]
                  00003b1c    00000010     msp432p4xx_driverlib.lib : adc14.o (.text:ADC14_enableModule)
                  00003b2c    00000010                              : interrupt.o (.text:Interrupt_disableMaster)
                  00003b3c    00000010                              : interrupt.o (.text:Interrupt_enableMaster)
                  00003b4c    0000000e     rtsv7M4_T_le_v4SPD16_eabi.lib : copy_decompress_none.c.obj (.text:decompress:none:__TI_decompress_none)
                  00003b5a    0000000e     startup_msp432p401r_ccs.obj (.text)
                  00003b68    0000000c     msp432p4xx_driverlib.lib : cpu.o (.text:CPU_cpsid)
                  00003b74    0000000c                              : cpu.o (.text:CPU_cpsie)
                  00003b80    00000008                              : timer_a.o (.text:Timer_A_startCounter)
                  00003b88    00000008     rtsv7M4_T_le_v4SPD16_eabi.lib : errno.c.obj (.text:__aeabi_errno_addr)
                  00003b90    00000008                                   : memory.c.obj (.text:malloc)
                  00003b98    00000004                                   : printf.c.obj (.text:_outc)
                  00003b9c    00000004                                   : printf.c.obj (.text:_outs)
                  00003ba0    00000004                                   : pre_init.c.obj (.text:_system_pre_init)
                  00003ba4    00000004                                   : exit.c.obj (.text:abort:abort)

.const     0    00003ba8    000001dc     
                  00003ba8    00000101     rtsv7M4_T_le_v4SPD16_eabi.lib : ctype.c.obj (.const:.string:_ctypes_)
                  00003ca9    00000003     --HOLE-- [fill = 0]
                  00003cac    00000080     msp432p4xx_driverlib.lib : adc14.o (.const:_ctlRegs)
                  00003d2c    00000040                              : interrupt.o (.const)
                  00003d6c    00000018     main.obj (.const:upConfig)

.cinit     0    00003d88    000000d8     
                  00003d88    000000ad     (.cinit..data.load) [load image, compression = lzss]
                  00003e35    00000003     --HOLE-- [fill = 0]
                  00003e38    0000000c     (__TI_handler_table)
                  00003e44    00000004     --HOLE-- [fill = 0]
                  00003e48    00000008     (.cinit..bss.load) [load image, compression = zero_init]
                  00003e50    00000010     (__TI_cinit_table)

.init_array 
*          0    00000000    00000000     UNINITIALIZED

.binit     0    00000000    00000000     

.sysmem    0    20000000    00000400     UNINITIALIZED
                  20000000    00000010     rtsv7M4_T_le_v4SPD16_eabi.lib : memory.c.obj (.sysmem)
                  20000010    000003f0     --HOLE--

.data      0    20000400    0000025c     UNINITIALIZED
                  20000400    000000f0     rtsv7M4_T_le_v4SPD16_eabi.lib : defs.c.obj (.data:_ftable)
                  200004f0    00000078                                   : host_device.c.obj (.data:_device)
                  20000568    00000050                                   : host_device.c.obj (.data:_stream)
                  200005b8    00000030     msp432p4xx_driverlib.lib : gpio.o (.data:GPIO_PORT_TO_BASE)
                  200005e8    00000018     main.obj (.data:pwmConfig1)
                  20000600    00000018     main.obj (.data:pwmConfig2)
                  20000618    00000010     main.obj (.data)
                  20000628    00000010     rtsv7M4_T_le_v4SPD16_eabi.lib : defs.c.obj (.data)
                  20000638    0000000c                                   : exit.c.obj (.data:$O1$$)
                  20000644    00000008                                   : _lock.c.obj (.data:$O1$$)
                  2000064c    00000008                                   : memory.c.obj (.data:$O1$$)
                  20000654    00000004                                   : errno.c.obj (.data)
                  20000658    00000004     system_msp432p401r.obj (.data)

.bss       0    2000065c    000001d0     UNINITIALIZED
                  2000065c    00000120     rtsv7M4_T_le_v4SPD16_eabi.lib : trgmsg.c.obj (.bss:_CIOBUF_)
                  2000077c    000000a0     (.common:__TI_tmpnams)
                  2000081c    00000008     (.common:parmbuf)
                  20000824    00000004     (.common:ADC_result)
                  20000828    00000004     (.common:pot_v)

.stack     0    2000fe00    00000200     UNINITIALIZED
                  2000fe00    00000004     rtsv7M4_T_le_v4SPD16_eabi.lib : boot_cortex_m.c.obj (.stack)
                  2000fe04    000001fc     --HOLE--

__llvm_prf_cnts 
*          0    20000000    00000000     UNINITIALIZED

MODULE SUMMARY

       Module                        code    ro data   rw data
       ------                        ----    -------   -------
    .\
       main.obj                      856     24        144    
       system_msp432p401r.obj        820     0         8      
       startup_msp432p401r_ccs.obj   14      228       0      
    +--+-----------------------------+-------+---------+---------+
       Total:                        1690    252       152    
                                                              
    C:/ti/ccs1220/msp432_driverlib_3_21_00_05/msp432_driverlib_3_21_00_05/driverlib/MSP432P4xx/ccs/msp432p4xx_driverlib.lib
       adc14.o                       788     128       0      
       cs.o                          704     0         0      
       gpio.o                        300     0         96     
       timer_a.o                     352     0         0      
       interrupt.o                   132     64        0      
       sysctl.o                      80      0         0      
       cpu.o                         24      0         0      
       wdt_a.o                       24      0         0      
       fpu.o                         20      0         0      
       ref_a.o                       20      0         0      
    +--+-----------------------------+-------+---------+---------+
       Total:                        2444    192       96     
                                                              
    C:\ti\ccs1220\ccs\tools\compiler\ti-cgt-arm_20.2.7.LTS\lib\rtsv7M4_T_le_v4SPD16_eabi.lib
       _printfi.c.obj                4851    0         0      
       defs.c.obj                    0       0         832    
       memory.c.obj                  672     0         16     
       trgmsg.c.obj                  108     0         576    
       fd_add_t2.asm.obj             438     0         0      
       host_device.c.obj             0       0         400    
       fd_div_t2.asm.obj             310     0         0      
       fputs.c.obj                   276     0         0      
       s_scalbn.c.obj                272     0         0      
       fd_cmp_t2.asm.obj             268     0         0      
       ctype.c.obj                   0       257       0      
       fd_mul_t2.asm.obj             252     0         0      
       setvbuf.c.obj                 220     0         0      
       memcpy_t2.asm.obj             156     0         0      
       ull_div_t2.asm.obj            150     0         0      
       fputc.c.obj                   140     0         0      
       memset_t2.asm.obj             122     0         0      
       fclose.c.obj                  116     0         0      
       getdevice.c.obj               116     0         0      
       hostopen.c.obj                96      0         16     
       printf.c.obj                  112     0         0      
       fd_tos_t2.asm.obj             110     0         0      
       hostrename.c.obj              108     0         0      
       copy_decompress_lzss.c.obj    104     0         0      
       hostlseek.c.obj               104     0         0      
       exit.c.obj                    76      0         24     
       fseek.c.obj                   100     0         0      
       s_frexp.c.obj                 100     0         0      
       _io_perm.c.obj                98      0         0      
       close.c.obj                   92      0         0      
       hostread.c.obj                88      0         0      
       hostwrite.c.obj               88      0         0      
       _ltoa.c.obj                   84      0         0      
       atoi.c.obj                    76      0         0      
       fflush.c.obj                  76      0         0      
       fd_toi_t2.asm.obj             72      0         0      
       autoinit.c.obj                68      0         0      
       hostclose.c.obj               68      0         0      
       hostunlink.c.obj              68      0         0      
       fs_tod_t2.asm.obj             56      0         0      
       strncpy.c.obj                 54      0         0      
       boot_cortex_m.c.obj           52      0         0      
       fopen.c.obj                   52      0         0      
       i_tofd_t2.asm.obj             46      0         0      
       unlink.c.obj                  44      0         0      
       lseek.c.obj                   40      0         0      
       write.c.obj                   40      0         0      
       memchr.c.obj                  32      0         0      
       copy_zero_init.c.obj          28      0         0      
       memccpy.c.obj                 28      0         0      
       s_copysign.c.obj              26      0         0      
       strcmp.c.obj                  24      0         0      
       strchr.c.obj                  22      0         0      
       strcpy.c.obj                  20      0         0      
       strlen.c.obj                  20      0         0      
       _lock.c.obj                   2       0         16     
       wcslen.c.obj                  18      0         0      
       errno.c.obj                   8       0         8      
       copy_decompress_none.c.obj    14      0         0      
       pre_init.c.obj                4       0         0      
       div0.asm.obj                  2       0         0      
    +--+-----------------------------+-------+---------+---------+
       Total:                        10887   257       1888   
                                                              
       Heap:                         0       0         2048   
       Stack:                        0       0         1024   
       Linker Generated:             0       209       0      
    +--+-----------------------------+-------+---------+---------+
       Grand Total:                  15021   910       5208   


LINKER GENERATED COPY TABLES

__TI_cinit_table @ 00003e50 records: 2, size/record: 8, table size: 16
	.data: load addr=00003d88, load size=000000ad bytes, run addr=20000400, run size=0000025c bytes, compression=lzss
	.bss: load addr=00003e48, load size=00000008 bytes, run addr=2000065c, run size=000001d0 bytes, compression=zero_init


LINKER GENERATED HANDLER TABLE

__TI_handler_table @ 00003e38 records: 3, size/record: 4, table size: 12
	index: 0, handler: __TI_decompress_lzss
	index: 1, handler: __TI_decompress_none
	index: 2, handler: __TI_zero_init


GLOBAL SYMBOLS: SORTED ALPHABETICALLY BY Name 

address   name                                       
-------   ----                                       
00003b67  ADC14_IRQHandler                           
00002b1d  ADC14_configureConversionMemory            
000033d1  ADC14_configureSingleSampleMode            
000037b5  ADC14_enableConversion                     
00003b1d  ADC14_enableModule                         
0000380d  ADC14_enableSampleTimer                    
000039d9  ADC14_getResult                            
000035a9  ADC14_initModule                           
00003a69  ADC14_isBusy                               
00003a7d  ADC14_setResolution                        
000038f5  ADC14_toggleConversionTrigger              
20000824  ADC_result                                 
00003b67  AES256_IRQHandler                          
00003b67  BusFault_Handler                           
00003ba5  C$$EXIT                                    
0000360f  C$$IO$$                                    
00003b67  COMP_E0_IRQHandler                         
00003b67  COMP_E1_IRQHandler                         
00003b69  CPU_cpsid                                  
00003b75  CPU_cpsie                                  
00003b67  CS_IRQHandler                              
000022f5  CS_initClockSignal                         
000038ad  CS_setDCOCenteredFrequency                 
0000190d  CS_setDCOFrequency                         
00003935  CS_setReferenceOscillatorFrequency         
00003081  CS_tuneDCOFrequency                        
00003b67  DMA_ERR_IRQHandler                         
00003b67  DMA_INT0_IRQHandler                        
00003b67  DMA_INT1_IRQHandler                        
00003b67  DMA_INT2_IRQHandler                        
00003b67  DMA_INT3_IRQHandler                        
00003b67  DebugMon_Handler                           
00003b67  Default_Handler                            
00003b67  EUSCIA0_IRQHandler                         
00003b67  EUSCIA1_IRQHandler                         
00003b67  EUSCIA2_IRQHandler                         
00003b67  EUSCIA3_IRQHandler                         
00003b67  EUSCIB0_IRQHandler                         
00003b67  EUSCIB1_IRQHandler                         
00003b67  EUSCIB2_IRQHandler                         
00003b67  EUSCIB3_IRQHandler                         
00003b67  FLCTL_IRQHandler                           
00003b67  FPU_IRQHandler                             
00003aa5  FPU_enableModule                           
000039f1  GPIO_getInputPinValue                      
00003725  GPIO_setAsInputPinWithPullUpResistor       
000038d1  GPIO_setAsOutputPin                        
000032b1  GPIO_setAsPeripheralModuleFunctionInputPin 
000031cd  GPIO_setAsPeripheralModuleFunctionOutputPin
00003ab9  GPIO_setOutputHighOnPin                    
00003a09  GPIO_setOutputLowOnPin                     
00003415  HOSTclose                                  
00002bf5  HOSTlseek                                  
00002ebd  HOSTopen                                   
00002f79  HOSTread                                   
00002b89  HOSTrename                                 
00003459  HOSTunlink                                 
00002fd1  HOSTwrite                                  
00003b67  HardFault_Handler                          
00003b2d  Interrupt_disableMaster                    
00002d2d  Interrupt_enableInterrupt                  
00003b3d  Interrupt_enableMaster                     
00003b67  MemManage_Handler                          
00003b67  NMI_Handler                                
00003b67  PCM_IRQHandler                             
00003b67  PORT1_IRQHandler                           
00003b67  PORT2_IRQHandler                           
00003b67  PORT3_IRQHandler                           
00003b67  PORT4_IRQHandler                           
00003b67  PORT5_IRQHandler                           
00003b67  PORT6_IRQHandler                           
00003b67  PSS_IRQHandler                             
00003b67  PendSV_Handler                             
00003acd  REF_A_setReferenceVoltage                  
00003b67  RTC_C_IRQHandler                           
00003b5b  Reset_Handler                              
00003b67  SVC_Handler                                
0000317d  SysCtl_getTLVInfo                          
00003b67  SysTick_Handler                            
20000658  SystemCoreClock                            
00000e8d  SystemCoreClockUpdate                      
00001105  SystemInit                                 
00003b67  T32_INT1_IRQHandler                        
00003b67  T32_INT2_IRQHandler                        
00003b67  T32_INTC_IRQHandler                        
00003b67  TA0_0_IRQHandler                           
00003b67  TA0_N_IRQHandler                           
00000d85  TA1_0_IRQHandler                           
00000d85  TA1_0_IRQHandler                           
00003b67  TA1_N_IRQHandler                           
00003b67  TA2_0_IRQHandler                           
00003b67  TA2_N_IRQHandler                           
00003b67  TA3_0_IRQHandler                           
00003b67  TA3_N_IRQHandler                           
000039a5  Timer_A_clearCaptureCompareInterrupt       
0000349d  Timer_A_configureUpMode                    
000032f9  Timer_A_generatePWM                        
00003b81  Timer_A_startCounter                       
00003b67  UsageFault_Handler                         
4000480c  WDTCTL_SYM                                 
00003b67  WDT_A_IRQHandler                           
00003a21  WDT_A_holdTimer                            
2000065c  __CIOBUF_                                  
20010000  __STACK_END                                
00000200  __STACK_SIZE                               
00000400  __SYSMEM_SIZE                              
00003e50  __TI_CINIT_Base                            
00003e60  __TI_CINIT_Limit                           
00003e38  __TI_Handler_Table_Base                    
00003e44  __TI_Handler_Table_Limit                   
000034e1  __TI_auto_init_nobinit_nopinit             
00003689  __TI_cleanup                               
20000638  __TI_cleanup_ptr                           
0000295d  __TI_closefile                             
00002c5d  __TI_decompress_lzss                       
00003b4d  __TI_decompress_none                       
00003219  __TI_doflush                               
2000063c  __TI_dtors_ptr                             
20000640  __TI_enable_exit_profile_output            
20000628  __TI_ft_end                                
000030d5  __TI_ltoa                                  
ffffffff  __TI_pprof_out_hndl                        
000000e5  __TI_printfi                               
ffffffff  __TI_prof_data_size                        
ffffffff  __TI_prof_data_start                       
000036bd  __TI_readmsg                               
00000000  __TI_static_base__                         
2000077c  __TI_tmpnams                               
000035e1  __TI_writemsg                              
00002e59  __TI_wrt_ok                                
00003951  __TI_zero_init_nomemset                    
000027d5  __aeabi_cdcmpeq                            
000027d5  __aeabi_cdcmple                            
0000285b  __aeabi_cdrcmple                           
00002aaf  __aeabi_d2f                                
00003389  __aeabi_d2iz                               
0000160b  __aeabi_dadd                               
00001b95  __aeabi_ddiv                               
00002115  __aeabi_dmul                               
00001601  __aeabi_dsub                               
00003b89  __aeabi_errno_addr                         
00003619  __aeabi_f2d                                
00003785  __aeabi_i2d                                
000017b7  __aeabi_idiv0                              
000017b7  __aeabi_ldiv0                              
000028e1  __aeabi_memclr                             
000028e1  __aeabi_memclr4                            
000028e1  __aeabi_memclr8                            
00002617  __aeabi_memcpy                             
00002617  __aeabi_memcpy4                            
00002617  __aeabi_memcpy8                            
000028e3  __aeabi_memset                             
000028e3  __aeabi_memset4                            
000028e3  __aeabi_memset8                            
20000634  __aeabi_stderr                             
2000062c  __aeabi_stdin                              
20000630  __aeabi_stdout                             
000026b3  __aeabi_uldivmod                           
ffffffff  __binit__                                  
ffffffff  __c_args__                                 
UNDEFED   __mpu_init                                 
2000fe00  __stack                                    
20000000  __start___llvm_prf_cnts                    
20000000  __stop___llvm_prf_cnts                     
000036f1  _c_int00_noargs                            
00003ba8  _ctypes_                                   
200004f0  _device                                    
20000400  _ftable                                    
20000644  _lock                                      
00000b33  _nop                                       
20000568  _stream                                    
20000000  _sys_memory                                
UNDEFED   _system_post_cinit                         
00003ba1  _system_pre_init                           
20000648  _unlock                                    
00003ba5  abort                                      
00002015  aligned_alloc                              
00003265  atoi                                       
ffffffff  binit                                      
00002f1d  close                                      
000039bf  copysign                                   
000039bf  copysignl                                  
20000618  duty_cycle                                 
20000654  errno                                      
00003341  exit                                       
00003755  finddevice                                 
00002749  fputc                                      
00001df1  fputs                                      
00002211  free                                       
00002d91  frexp                                      
00002d91  frexpl                                     
00002df5  fseek                                      
00003525  getdevice                                  
00000df1  initialize_LEDS                            
00000000  interruptVectors                           
00001f05  ldexp                                      
00001f05  ldexpl                                     
0000385d  lseek                                      
00000b5d  main                                       
00003b91  malloc                                     
00002015  memalign                                   
00003989  memccpy                                    
00003915  memchr                                     
00002617  memcpy                                     
000028e9  memset                                     
20000624  onoff1                                     
20000626  onoff2                                     
2000081c  parmbuf                                    
20000828  pot_v                                      
00002cc5  printf                                     
00002749  putc                                       
200005e8  pwmConfig1                                 
20000600  pwmConfig2                                 
00000b35  rbg_cycle                                  
000037e1  remove                                     
00001f05  scalbn                                     
00001f05  scalbnl                                    
000023d5  setvbuf                                    
00003a51  strchr                                     
00003a39  strcmp                                     
00003ae1  strcpy                                     
00003af5  strlen                                     
00003651  strncpy                                    
2000061c  sw1_cur                                    
20000620  sw1_old                                    
2000061e  sw2_cur                                    
20000622  sw2_old                                    
000037e1  unlink                                     
00003d6c  upConfig                                   
00003b09  wcslen                                     
00003885  write                                      


GLOBAL SYMBOLS: SORTED BY Symbol Address 

address   name                                       
-------   ----                                       
00000000  __TI_static_base__                         
00000000  interruptVectors                           
000000e5  __TI_printfi                               
00000200  __STACK_SIZE                               
00000400  __SYSMEM_SIZE                              
00000b33  _nop                                       
00000b35  rbg_cycle                                  
00000b5d  main                                       
00000d85  TA1_0_IRQHandler                           
00000d85  TA1_0_IRQHandler                           
00000df1  initialize_LEDS                            
00000e8d  SystemCoreClockUpdate                      
00001105  SystemInit                                 
00001601  __aeabi_dsub                               
0000160b  __aeabi_dadd                               
000017b7  __aeabi_idiv0                              
000017b7  __aeabi_ldiv0                              
0000190d  CS_setDCOFrequency                         
00001b95  __aeabi_ddiv                               
00001df1  fputs                                      
00001f05  ldexp                                      
00001f05  ldexpl                                     
00001f05  scalbn                                     
00001f05  scalbnl                                    
00002015  aligned_alloc                              
00002015  memalign                                   
00002115  __aeabi_dmul                               
00002211  free                                       
000022f5  CS_initClockSignal                         
000023d5  setvbuf                                    
00002617  __aeabi_memcpy                             
00002617  __aeabi_memcpy4                            
00002617  __aeabi_memcpy8                            
00002617  memcpy                                     
000026b3  __aeabi_uldivmod                           
00002749  fputc                                      
00002749  putc                                       
000027d5  __aeabi_cdcmpeq                            
000027d5  __aeabi_cdcmple                            
0000285b  __aeabi_cdrcmple                           
000028e1  __aeabi_memclr                             
000028e1  __aeabi_memclr4                            
000028e1  __aeabi_memclr8                            
000028e3  __aeabi_memset                             
000028e3  __aeabi_memset4                            
000028e3  __aeabi_memset8                            
000028e9  memset                                     
0000295d  __TI_closefile                             
00002aaf  __aeabi_d2f                                
00002b1d  ADC14_configureConversionMemory            
00002b89  HOSTrename                                 
00002bf5  HOSTlseek                                  
00002c5d  __TI_decompress_lzss                       
00002cc5  printf                                     
00002d2d  Interrupt_enableInterrupt                  
00002d91  frexp                                      
00002d91  frexpl                                     
00002df5  fseek                                      
00002e59  __TI_wrt_ok                                
00002ebd  HOSTopen                                   
00002f1d  close                                      
00002f79  HOSTread                                   
00002fd1  HOSTwrite                                  
00003081  CS_tuneDCOFrequency                        
000030d5  __TI_ltoa                                  
0000317d  SysCtl_getTLVInfo                          
000031cd  GPIO_setAsPeripheralModuleFunctionOutputPin
00003219  __TI_doflush                               
00003265  atoi                                       
000032b1  GPIO_setAsPeripheralModuleFunctionInputPin 
000032f9  Timer_A_generatePWM                        
00003341  exit                                       
00003389  __aeabi_d2iz                               
000033d1  ADC14_configureSingleSampleMode            
00003415  HOSTclose                                  
00003459  HOSTunlink                                 
0000349d  Timer_A_configureUpMode                    
000034e1  __TI_auto_init_nobinit_nopinit             
00003525  getdevice                                  
000035a9  ADC14_initModule                           
000035e1  __TI_writemsg                              
0000360f  C$$IO$$                                    
00003619  __aeabi_f2d                                
00003651  strncpy                                    
00003689  __TI_cleanup                               
000036bd  __TI_readmsg                               
000036f1  _c_int00_noargs                            
00003725  GPIO_setAsInputPinWithPullUpResistor       
00003755  finddevice                                 
00003785  __aeabi_i2d                                
000037b5  ADC14_enableConversion                     
000037e1  remove                                     
000037e1  unlink                                     
0000380d  ADC14_enableSampleTimer                    
0000385d  lseek                                      
00003885  write                                      
000038ad  CS_setDCOCenteredFrequency                 
000038d1  GPIO_setAsOutputPin                        
000038f5  ADC14_toggleConversionTrigger              
00003915  memchr                                     
00003935  CS_setReferenceOscillatorFrequency         
00003951  __TI_zero_init_nomemset                    
00003989  memccpy                                    
000039a5  Timer_A_clearCaptureCompareInterrupt       
000039bf  copysign                                   
000039bf  copysignl                                  
000039d9  ADC14_getResult                            
000039f1  GPIO_getInputPinValue                      
00003a09  GPIO_setOutputLowOnPin                     
00003a21  WDT_A_holdTimer                            
00003a39  strcmp                                     
00003a51  strchr                                     
00003a69  ADC14_isBusy                               
00003a7d  ADC14_setResolution                        
00003aa5  FPU_enableModule                           
00003ab9  GPIO_setOutputHighOnPin                    
00003acd  REF_A_setReferenceVoltage                  
00003ae1  strcpy                                     
00003af5  strlen                                     
00003b09  wcslen                                     
00003b1d  ADC14_enableModule                         
00003b2d  Interrupt_disableMaster                    
00003b3d  Interrupt_enableMaster                     
00003b4d  __TI_decompress_none                       
00003b5b  Reset_Handler                              
00003b67  ADC14_IRQHandler                           
00003b67  AES256_IRQHandler                          
00003b67  BusFault_Handler                           
00003b67  COMP_E0_IRQHandler                         
00003b67  COMP_E1_IRQHandler                         
00003b67  CS_IRQHandler                              
00003b67  DMA_ERR_IRQHandler                         
00003b67  DMA_INT0_IRQHandler                        
00003b67  DMA_INT1_IRQHandler                        
00003b67  DMA_INT2_IRQHandler                        
00003b67  DMA_INT3_IRQHandler                        
00003b67  DebugMon_Handler                           
00003b67  Default_Handler                            
00003b67  EUSCIA0_IRQHandler                         
00003b67  EUSCIA1_IRQHandler                         
00003b67  EUSCIA2_IRQHandler                         
00003b67  EUSCIA3_IRQHandler                         
00003b67  EUSCIB0_IRQHandler                         
00003b67  EUSCIB1_IRQHandler                         
00003b67  EUSCIB2_IRQHandler                         
00003b67  EUSCIB3_IRQHandler                         
00003b67  FLCTL_IRQHandler                           
00003b67  FPU_IRQHandler                             
00003b67  HardFault_Handler                          
00003b67  MemManage_Handler                          
00003b67  NMI_Handler                                
00003b67  PCM_IRQHandler                             
00003b67  PORT1_IRQHandler                           
00003b67  PORT2_IRQHandler                           
00003b67  PORT3_IRQHandler                           
00003b67  PORT4_IRQHandler                           
00003b67  PORT5_IRQHandler                           
00003b67  PORT6_IRQHandler                           
00003b67  PSS_IRQHandler                             
00003b67  PendSV_Handler                             
00003b67  RTC_C_IRQHandler                           
00003b67  SVC_Handler                                
00003b67  SysTick_Handler                            
00003b67  T32_INT1_IRQHandler                        
00003b67  T32_INT2_IRQHandler                        
00003b67  T32_INTC_IRQHandler                        
00003b67  TA0_0_IRQHandler                           
00003b67  TA0_N_IRQHandler                           
00003b67  TA1_N_IRQHandler                           
00003b67  TA2_0_IRQHandler                           
00003b67  TA2_N_IRQHandler                           
00003b67  TA3_0_IRQHandler                           
00003b67  TA3_N_IRQHandler                           
00003b67  UsageFault_Handler                         
00003b67  WDT_A_IRQHandler                           
00003b69  CPU_cpsid                                  
00003b75  CPU_cpsie                                  
00003b81  Timer_A_startCounter                       
00003b89  __aeabi_errno_addr                         
00003b91  malloc                                     
00003ba1  _system_pre_init                           
00003ba5  C$$EXIT                                    
00003ba5  abort                                      
00003ba8  _ctypes_                                   
00003d6c  upConfig                                   
00003e38  __TI_Handler_Table_Base                    
00003e44  __TI_Handler_Table_Limit                   
00003e50  __TI_CINIT_Base                            
00003e60  __TI_CINIT_Limit                           
20000000  __start___llvm_prf_cnts                    
20000000  __stop___llvm_prf_cnts                     
20000000  _sys_memory                                
20000400  _ftable                                    
200004f0  _device                                    
20000568  _stream                                    
200005e8  pwmConfig1                                 
20000600  pwmConfig2                                 
20000618  duty_cycle                                 
2000061c  sw1_cur                                    
2000061e  sw2_cur                                    
20000620  sw1_old                                    
20000622  sw2_old                                    
20000624  onoff1                                     
20000626  onoff2                                     
20000628  __TI_ft_end                                
2000062c  __aeabi_stdin                              
20000630  __aeabi_stdout                             
20000634  __aeabi_stderr                             
20000638  __TI_cleanup_ptr                           
2000063c  __TI_dtors_ptr                             
20000640  __TI_enable_exit_profile_output            
20000644  _lock                                      
20000648  _unlock                                    
20000654  errno                                      
20000658  SystemCoreClock                            
2000065c  __CIOBUF_                                  
2000077c  __TI_tmpnams                               
2000081c  parmbuf                                    
20000824  ADC_result                                 
20000828  pot_v                                      
2000fe00  __stack                                    
20010000  __STACK_END                                
4000480c  WDTCTL_SYM                                 
ffffffff  __TI_pprof_out_hndl                        
ffffffff  __TI_prof_data_size                        
ffffffff  __TI_prof_data_start                       
ffffffff  __binit__                                  
ffffffff  __c_args__                                 
ffffffff  binit                                      
UNDEFED   __mpu_init                                 
UNDEFED   _system_post_cinit                         

[231 symbols]
